Archive member included to satisfy reference by file (symbol)

/Users/attilio/.pico-sdk/toolchain/13_2_Rel1/bin/../lib/gcc/arm-none-eabi/13.2.1/thumb/v6-m/nofp/libgcc.a(_dvmd_tls.o)
                              CMakeFiles/kernel.dir/Users/attilio/.pico-sdk/sdk/1.5.1/src/rp2_common/pico_divider/divider.S.obj (__aeabi_idiv0)
/Users/attilio/.pico-sdk/toolchain/13_2_Rel1/bin/../lib/gcc/arm-none-eabi/13.2.1/../../../../arm-none-eabi/lib/thumb/v6-m/nofp/libg.a(libc_a-calloc.o)
                              CMakeFiles/kernel.dir/Users/attilio/.pico-sdk/sdk/1.5.1/src/rp2_common/pico_malloc/pico_malloc.c.obj (calloc)
/Users/attilio/.pico-sdk/toolchain/13_2_Rel1/bin/../lib/gcc/arm-none-eabi/13.2.1/../../../../arm-none-eabi/lib/thumb/v6-m/nofp/libg.a(libc_a-callocr.o)
                              /Users/attilio/.pico-sdk/toolchain/13_2_Rel1/bin/../lib/gcc/arm-none-eabi/13.2.1/../../../../arm-none-eabi/lib/thumb/v6-m/nofp/libg.a(libc_a-calloc.o) (_calloc_r)
/Users/attilio/.pico-sdk/toolchain/13_2_Rel1/bin/../lib/gcc/arm-none-eabi/13.2.1/../../../../arm-none-eabi/lib/thumb/v6-m/nofp/libg.a(libc_a-malloc.o)
                              CMakeFiles/kernel.dir/Users/attilio/.pico-sdk/sdk/1.5.1/src/rp2_common/pico_malloc/pico_malloc.c.obj (malloc)
/Users/attilio/.pico-sdk/toolchain/13_2_Rel1/bin/../lib/gcc/arm-none-eabi/13.2.1/../../../../arm-none-eabi/lib/thumb/v6-m/nofp/libg.a(libc_a-mallocr.o)
                              /Users/attilio/.pico-sdk/toolchain/13_2_Rel1/bin/../lib/gcc/arm-none-eabi/13.2.1/../../../../arm-none-eabi/lib/thumb/v6-m/nofp/libg.a(libc_a-callocr.o) (_malloc_r)
/Users/attilio/.pico-sdk/toolchain/13_2_Rel1/bin/../lib/gcc/arm-none-eabi/13.2.1/../../../../arm-none-eabi/lib/thumb/v6-m/nofp/libg.a(libc_a-mlock.o)
                              /Users/attilio/.pico-sdk/toolchain/13_2_Rel1/bin/../lib/gcc/arm-none-eabi/13.2.1/../../../../arm-none-eabi/lib/thumb/v6-m/nofp/libg.a(libc_a-mallocr.o) (__malloc_lock)
/Users/attilio/.pico-sdk/toolchain/13_2_Rel1/bin/../lib/gcc/arm-none-eabi/13.2.1/../../../../arm-none-eabi/lib/thumb/v6-m/nofp/libg.a(libc_a-realloc.o)
                              CMakeFiles/kernel.dir/Users/attilio/.pico-sdk/sdk/1.5.1/src/rp2_common/pico_malloc/pico_malloc.c.obj (realloc)
/Users/attilio/.pico-sdk/toolchain/13_2_Rel1/bin/../lib/gcc/arm-none-eabi/13.2.1/../../../../arm-none-eabi/lib/thumb/v6-m/nofp/libg.a(libc_a-reallocr.o)
                              /Users/attilio/.pico-sdk/toolchain/13_2_Rel1/bin/../lib/gcc/arm-none-eabi/13.2.1/../../../../arm-none-eabi/lib/thumb/v6-m/nofp/libg.a(libc_a-realloc.o) (_realloc_r)
/Users/attilio/.pico-sdk/toolchain/13_2_Rel1/bin/../lib/gcc/arm-none-eabi/13.2.1/../../../../arm-none-eabi/lib/thumb/v6-m/nofp/libg.a(libc_a-memmove.o)
                              /Users/attilio/.pico-sdk/toolchain/13_2_Rel1/bin/../lib/gcc/arm-none-eabi/13.2.1/../../../../arm-none-eabi/lib/thumb/v6-m/nofp/libg.a(libc_a-reallocr.o) (memmove)
/Users/attilio/.pico-sdk/toolchain/13_2_Rel1/bin/../lib/gcc/arm-none-eabi/13.2.1/../../../../arm-none-eabi/lib/thumb/v6-m/nofp/libg.a(libc_a-impure.o)
                              /Users/attilio/.pico-sdk/toolchain/13_2_Rel1/bin/../lib/gcc/arm-none-eabi/13.2.1/../../../../arm-none-eabi/lib/thumb/v6-m/nofp/libg.a(libc_a-calloc.o) (_impure_ptr)
/Users/attilio/.pico-sdk/toolchain/13_2_Rel1/bin/../lib/gcc/arm-none-eabi/13.2.1/../../../../arm-none-eabi/lib/thumb/v6-m/nofp/libg.a(libc_a-sbrkr.o)
                              /Users/attilio/.pico-sdk/toolchain/13_2_Rel1/bin/../lib/gcc/arm-none-eabi/13.2.1/../../../../arm-none-eabi/lib/thumb/v6-m/nofp/libg.a(libc_a-mallocr.o) (_sbrk_r)
/Users/attilio/.pico-sdk/toolchain/13_2_Rel1/bin/../lib/gcc/arm-none-eabi/13.2.1/../../../../arm-none-eabi/lib/thumb/v6-m/nofp/libg.a(libc_a-errno.o)
                              /Users/attilio/.pico-sdk/toolchain/13_2_Rel1/bin/../lib/gcc/arm-none-eabi/13.2.1/../../../../arm-none-eabi/lib/thumb/v6-m/nofp/libg.a(libc_a-callocr.o) (__errno)
/Users/attilio/.pico-sdk/toolchain/13_2_Rel1/bin/../lib/gcc/arm-none-eabi/13.2.1/../../../../arm-none-eabi/lib/thumb/v6-m/nofp/libg.a(libc_a-sysconf.o)
                              /Users/attilio/.pico-sdk/toolchain/13_2_Rel1/bin/../lib/gcc/arm-none-eabi/13.2.1/../../../../arm-none-eabi/lib/thumb/v6-m/nofp/libg.a(libc_a-mallocr.o) (sysconf)
/Users/attilio/.pico-sdk/toolchain/13_2_Rel1/bin/../lib/gcc/arm-none-eabi/13.2.1/../../../../arm-none-eabi/lib/thumb/v6-m/nofp/libg.a(libc_a-init.o)
                              /Users/attilio/.pico-sdk/toolchain/13_2_Rel1/bin/../lib/gcc/arm-none-eabi/13.2.1/../../../../arm-none-eabi/lib/thumb/v6-m/nofp/crt0.o (__libc_init_array)
/Users/attilio/.pico-sdk/toolchain/13_2_Rel1/bin/../lib/gcc/arm-none-eabi/13.2.1/../../../../arm-none-eabi/lib/thumb/v6-m/nofp/libg.a(libc_a-lock.o)
[...]
Memory Configuration

Name             Origin             Length             Attributes
FLASH            0x10000000         0x00200000         xr
RAM              0x20000000         0x00040000         xrw
SCRATCH_X        0x20040000         0x00001000         xrw
SCRATCH_Y        0x20041000         0x00001000         xrw
*default*        0x00000000         0xffffffff

Linker script and memory map

LOAD /Users/attilio/.pico-sdk/toolchain/13_2_Rel1/bin/../lib/gcc/arm-none-eabi/13.2.1/thumb/v6-m/nofp/crti.o
LOAD /Users/attilio/.pico-sdk/toolchain/13_2_Rel1/bin/../lib/gcc/arm-none-eabi/13.2.1/thumb/v6-m/nofp/crtbegin.o
LOAD /Users/attilio/.pico-sdk/toolchain/13_2_Rel1/bin/../lib/gcc/arm-none-eabi/13.2.1/../../../../arm-none-eabi/lib/thumb/v6-m/nofp/crt0.o

.flash_begin    0x10000000        0x0
                0x10000000                        __flash_binary_start = .

.boot2          0x10000000      0x100
                0x10000000                        __boot2_start__ = .
 *(.boot2)
 .boot2         0x10000000      0x100 /var/folders/wp/brddfq2d1sg_blc0_vr5g4z80000gn/T//ccn0JUuR.o
                0x10000100                        __boot2_end__ = .
                0x00000001                        ASSERT (((__boot2_end__ - __boot2_start__) == 0x100), ERROR: Pico second stage bootloader must be 256 bytes in size)

.text           0x10000100     0x4af0
                0x10000100                        __logical_binary_start = .
 *(.vectors)
 .vectors       0x10000100       0xd4 CMakeFiles/kernel.dir/Users/attilio/.pico-sdk/sdk/1.5.1/src/rp2_common/pico_standard_link/crt0.S.obj
                0x10000100                __VECTOR_TABLE
                0x10000100                __vectors
                0x100001c0                isr_invalid
                0x100001c0                __default_isrs_start
                0x100001c2                isr_nmi
                0x100001c4                isr_hardfault
                0x100001c6                isr_svcall
                0x100001cc                isr_irq23
                0x100001cc                isr_irq18
                0x100001cc                isr_irq28
                0x100001cc                isr_irq19
                0x100001cc                isr_irq0
                0x100001cc                isr_irq6
                0x100001cc                isr_irq22
                0x100001cc                isr_irq17
                0x100001cc                isr_irq14
                0x100001cc                isr_irq2
                0x100001cc                isr_irq10
                0x100001cc                isr_irq8
                0x100001cc                isr_irq24
                0x100001cc                isr_irq1
                0x100001cc                isr_irq7
                0x100001cc                isr_irq21
                0x100001cc                isr_irq20
                0x100001cc                isr_irq15
                0x100001cc                isr_irq25
                0x100001cc                isr_irq9
                0x100001cc                __unhandled_user_irq
                0x100001cc                isr_irq13
                0x100001cc                isr_irq27
                0x100001cc                isr_irq31
                0x100001cc                isr_irq5
                0x100001cc                isr_irq11
                0x100001cc                isr_irq30
                0x100001cc                isr_irq4
                0x100001cc                isr_irq16
                0x100001cc                isr_irq29
                0x100001cc                isr_irq26
                0x100001cc                __default_isrs_end
                0x100001cc                isr_irq3
                0x100001cc                isr_irq12
                0x100001d2                unhandled_user_irq_num_in_r0
 *(.binary_info_header)
 .binary_info_header
                0x100001d4       0x14 CMakeFiles/kernel.dir/Users/attilio/.pico-sdk/sdk/1.5.1/src/rp2_common/pico_standard_link/crt0.S.obj
                0x100001e8                        __binary_info_header_end = .
 *(.reset)
 .reset         0x100001e8       0xa0 CMakeFiles/kernel.dir/Users/attilio/.pico-sdk/sdk/1.5.1/src/rp2_common/pico_standard_link/crt0.S.obj
                0x100001e8                _entry_point
 .reset         0x10000288       0x30 CMakeFiles/kernel.dir/Users/attilio/.pico-sdk/sdk/1.5.1/src/rp2_common/pico_standard_link/binary_info.c.obj
 *(.init)
 .init          0x100002b8        0x4 /Users/attilio/.pico-sdk/toolchain/13_2_Rel1/bin/../lib/gcc/arm-none-eabi/13.2.1/thumb/v6-m/nofp/crti.o
                0x100002b8                _init
 *(EXCLUDE_FILE(*libm.a: *libc.a:*lib_a-mem*.o *libgcc.a:) .text*)
 .text.register_tm_clones
                0x100002bc       0x28 /Users/attilio/.pico-sdk/toolchain/13_2_Rel1/bin/../lib/gcc/arm-none-eabi/13.2.1/thumb/v6-m/nofp/crtbegin.o
 .text.frame_dummy
                0x100002e4       0x24 /Users/attilio/.pico-sdk/toolchain/13_2_Rel1/bin/../lib/gcc/arm-none-eabi/13.2.1/thumb/v6-m/nofp/crtbegin.o
 .text          0x10000308      0x154 CMakeFiles/kernel.dir/assembly.s.obj
                0x10000308                setup_systick
                0x10000330                start_scheduler
                0x1000037a                isr_systick
                0x10000396                isr_pendsv
                0x100003e8                set_process_idle
 .text.to_ms_since_boot
                0x1000045c       0x1c CMakeFiles/kernel.dir/kernel.c.obj
 .text.update_us_since_boot
                0x10000478       0x24 CMakeFiles/kernel.dir/kernel.c.obj
 .text.get_absolute_time
                0x1000049c       0x22 CMakeFiles/kernel.dir/kernel.c.obj
 *fill*         0x100004be        0x2 
 .text.task1    0x100004c0       0x74 CMakeFiles/kernel.dir/kernel.c.obj
                0x100004c0                task1
 .text.task2    0x10000534       0x74 CMakeFiles/kernel.dir/kernel.c.obj
                0x10000534                task2
 .text.main     0x100005a8       0x7c CMakeFiles/kernel.dir/kernel.c.obj
                0x100005a8                main
 .text.to_ms_since_boot
                0x10000624       0x1c CMakeFiles/kernel.dir/scheduler.c.obj
 .text.idle     0x10000640        0x4 CMakeFiles/kernel.dir/scheduler.c.obj
                0x10000640                idle
 .text.update_us_since_boot
                0x10000644       0x24 CMakeFiles/kernel.dir/scheduler.c.obj
 .text.get_absolute_time
                0x10000668       0x22 CMakeFiles/kernel.dir/scheduler.c.obj
 *fill*         0x1000068a        0x2 
 .text.init_scheduler
                0x1000068c       0x68 CMakeFiles/kernel.dir/scheduler.c.obj
                0x1000068c                init_scheduler
 .text.create_process
                0x100006f4      0x1b4 CMakeFiles/kernel.dir/scheduler.c.obj
                0x100006f4                create_process
 .text.end_task
                0x100008a8       0xe4 CMakeFiles/kernel.dir/scheduler.c.obj
                0x100008a8                end_task
 .text.schedule
                0x1000098c      0x194 CMakeFiles/kernel.dir/scheduler.c.obj
                0x1000098c                schedule
 .text.gpio_set_function
                0x10000b20       0x30 CMakeFiles/kernel.dir/Users/attilio/.pico-sdk/sdk/1.5.1/src/rp2_common/hardware_gpio/gpio.c.obj
                0x10000b20                gpio_set_function
 .text.gpio_init
                0x10000b50       0x16 CMakeFiles/kernel.dir/Users/attilio/.pico-sdk/sdk/1.5.1/src/rp2_common/hardware_gpio/gpio.c.obj
                0x10000b50                gpio_init
 *fill*         0x10000b66        0x2 
 .text.running_on_fpga
                0x10000b68       0x14 CMakeFiles/kernel.dir/Users/attilio/.pico-sdk/sdk/1.5.1/src/rp2_common/pico_platform/platform.c.obj
                0x10000b68                running_on_fpga
 .text.hw_claim_lock
                0x10000b7c       0x18 CMakeFiles/kernel.dir/Users/attilio/.pico-sdk/sdk/1.5.1/src/rp2_common/hardware_claim/claim.c.obj
                0x10000b7c                hw_claim_lock
 .text.hw_claim_unlock
                0x10000b94       0x14 CMakeFiles/kernel.dir/Users/attilio/.pico-sdk/sdk/1.5.1/src/rp2_common/hardware_claim/claim.c.obj
                0x10000b94                hw_claim_unlock
 .text.hw_claim_or_assert
                0x10000ba8       0x32 CMakeFiles/kernel.dir/Users/attilio/.pico-sdk/sdk/1.5.1/src/rp2_common/hardware_claim/claim.c.obj
                0x10000ba8                hw_claim_or_assert
 *fill*         0x10000bda        0x2 
 .text.spin_locks_reset
                0x10000bdc       0x20 CMakeFiles/kernel.dir/Users/attilio/.pico-sdk/sdk/1.5.1/src/rp2_common/hardware_sync/sync.c.obj
                0x10000bdc                spin_locks_reset
 .text.next_striped_spin_lock_num
                0x10000bfc       0x1c CMakeFiles/kernel.dir/Users/attilio/.pico-sdk/sdk/1.5.1/src/rp2_common/hardware_sync/sync.c.obj
                0x10000bfc                next_striped_spin_lock_num
 .text.set_raw_irq_handler_and_unlock
                0x10000c18       0x28 CMakeFiles/kernel.dir/Users/attilio/.pico-sdk/sdk/1.5.1/src/rp2_common/hardware_irq/irq.c.obj
 .text.resolve_branch
                0x10000c40       0x30 CMakeFiles/kernel.dir/Users/attilio/.pico-sdk/sdk/1.5.1/src/rp2_common/hardware_irq/irq.c.obj
 .text.make_branch
                0x10000c70       0x48 CMakeFiles/kernel.dir/Users/attilio/.pico-sdk/sdk/1.5.1/src/rp2_common/hardware_irq/irq.c.obj
 .text.insert_branch_and_link
                0x10000cb8       0x40 CMakeFiles/kernel.dir/Users/attilio/.pico-sdk/sdk/1.5.1/src/rp2_common/hardware_irq/irq.c.obj
 .text.irq_is_enabled
                0x10000cf8       0x18 CMakeFiles/kernel.dir/Users/attilio/.pico-sdk/sdk/1.5.1/src/rp2_common/hardware_irq/irq.c.obj
                0x10000cf8                irq_is_enabled
 .text.irq_set_mask_enabled
                0x10000d10       0x20 CMakeFiles/kernel.dir/Users/attilio/.pico-sdk/sdk/1.5.1/src/rp2_common/hardware_irq/irq.c.obj
                0x10000d10                irq_set_mask_enabled
 .text.irq_set_enabled
                0x10000d30        0xe CMakeFiles/kernel.dir/Users/attilio/.pico-sdk/sdk/1.5.1/src/rp2_common/hardware_irq/irq.c.obj
                0x10000d30                irq_set_enabled
 *fill*         0x10000d3e        0x2 
 .text.irq_get_vtable_handler
                0x10000d40       0x10 CMakeFiles/kernel.dir/Users/attilio/.pico-sdk/sdk/1.5.1/src/rp2_common/hardware_irq/irq.c.obj
                0x10000d40                irq_get_vtable_handler
 .text.irq_set_exclusive_handler
                0x10000d50       0x54 CMakeFiles/kernel.dir/Users/attilio/.pico-sdk/sdk/1.5.1/src/rp2_common/hardware_irq/irq.c.obj
                0x10000d50                irq_set_exclusive_handler
 .text.irq_remove_handler
                0x10000da4      0x188 CMakeFiles/kernel.dir/Users/attilio/.pico-sdk/sdk/1.5.1/src/rp2_common/hardware_irq/irq.c.obj
                0x10000da4                irq_remove_handler
 .text.irq_add_tail_to_free_list
                0x10000f2c       0xf0 CMakeFiles/kernel.dir/Users/attilio/.pico-sdk/sdk/1.5.1/src/rp2_common/hardware_irq/irq.c.obj
                0x10000f2c                irq_add_tail_to_free_list
 .text.irq_init_priorities
                0x1000101c       0x1c CMakeFiles/kernel.dir/Users/attilio/.pico-sdk/sdk/1.5.1/src/rp2_common/hardware_irq/irq.c.obj
                0x1000101c                irq_init_priorities
 .text.lock_init
                0x10001038       0x10 CMakeFiles/kernel.dir/Users/attilio/.pico-sdk/sdk/1.5.1/src/common/pico_sync/lock_core.c.obj
                0x10001038                lock_init
 .text.mutex_init
                0x10001048       0x1a CMakeFiles/kernel.dir/Users/attilio/.pico-sdk/sdk/1.5.1/src/common/pico_sync/mutex.c.obj
                0x10001048                mutex_init
 .text.recursive_mutex_init
                0x10001062       0x1e CMakeFiles/kernel.dir/Users/attilio/.pico-sdk/sdk/1.5.1/src/common/pico_sync/mutex.c.obj
                0x10001062                recursive_mutex_init
 .text.time_reached
                0x10001080       0x28 CMakeFiles/kernel.dir/Users/attilio/.pico-sdk/sdk/1.5.1/src/common/pico_time/time.c.obj
 .text.get_entry
                0x100010a8       0x38 CMakeFiles/kernel.dir/Users/attilio/.pico-sdk/sdk/1.5.1/src/common/pico_time/time.c.obj
 .text.timer_pool_entry_comparator
                0x100010e0       0x2e CMakeFiles/kernel.dir/Users/attilio/.pico-sdk/sdk/1.5.1/src/common/pico_time/time.c.obj
                0x100010e0                timer_pool_entry_comparator
 *fill*         0x1000110e        0x2 
 .text.update_us_since_boot
                0x10001110       0x24 CMakeFiles/kernel.dir/Users/attilio/.pico-sdk/sdk/1.5.1/src/common/pico_time/time.c.obj
 .text.delayed_by_us
                0x10001134       0x34 CMakeFiles/kernel.dir/Users/attilio/.pico-sdk/sdk/1.5.1/src/common/pico_time/time.c.obj
 .text.ph_get_node
                0x10001168       0x30 CMakeFiles/kernel.dir/Users/attilio/.pico-sdk/sdk/1.5.1/src/common/pico_time/time.c.obj
 .text.ph_contains_node
                0x10001198       0x1e CMakeFiles/kernel.dir/Users/attilio/.pico-sdk/sdk/1.5.1/src/common/pico_time/time.c.obj
 .text.ph_new_node
                0x100011b6       0x28 CMakeFiles/kernel.dir/Users/attilio/.pico-sdk/sdk/1.5.1/src/common/pico_time/time.c.obj
 *fill*         0x100011de        0x2 
 .text.ph_add_child_node
                0x100011e0       0x6c CMakeFiles/kernel.dir/Users/attilio/.pico-sdk/sdk/1.5.1/src/common/pico_time/time.c.obj
 .text.ph_merge_nodes
                0x1000124c       0x3e CMakeFiles/kernel.dir/Users/attilio/.pico-sdk/sdk/1.5.1/src/common/pico_time/time.c.obj
 *fill*         0x1000128a        0x2 
 .text.ph_insert_node
                0x1000128c       0x3c CMakeFiles/kernel.dir/Users/attilio/.pico-sdk/sdk/1.5.1/src/common/pico_time/time.c.obj
 .text.ph_free_node
                0x100012c8       0x5c CMakeFiles/kernel.dir/Users/attilio/.pico-sdk/sdk/1.5.1/src/common/pico_time/time.c.obj
 .text.get_entry_id_high
                0x10001324       0x30 CMakeFiles/kernel.dir/Users/attilio/.pico-sdk/sdk/1.5.1/src/common/pico_time/time.c.obj
 .text.alarm_pool_post_alloc_init
                0x10001354       0x40 CMakeFiles/kernel.dir/Users/attilio/.pico-sdk/sdk/1.5.1/src/common/pico_time/time.c.obj
 .text.sleep_until_callback
                0x10001394       0x30 CMakeFiles/kernel.dir/Users/attilio/.pico-sdk/sdk/1.5.1/src/common/pico_time/time.c.obj
 .text.get_absolute_time
                0x100013c4       0x22 CMakeFiles/kernel.dir/Users/attilio/.pico-sdk/sdk/1.5.1/src/common/pico_time/time.c.obj
 *fill*         0x100013e6        0x2 
 .text.add_alarm_under_lock
                0x100013e8       0x94 CMakeFiles/kernel.dir/Users/attilio/.pico-sdk/sdk/1.5.1/src/common/pico_time/time.c.obj
 .text.alarm_pool_alarm_callback
                0x1000147c      0x210 CMakeFiles/kernel.dir/Users/attilio/.pico-sdk/sdk/1.5.1/src/common/pico_time/time.c.obj
 .text.alarm_pool_init_default
                0x1000168c       0x40 CMakeFiles/kernel.dir/Users/attilio/.pico-sdk/sdk/1.5.1/src/common/pico_time/time.c.obj
                0x1000168c                alarm_pool_init_default
 .text.alarm_pool_get_default
                0x100016cc       0x2c CMakeFiles/kernel.dir/Users/attilio/.pico-sdk/sdk/1.5.1/src/common/pico_time/time.c.obj
                0x100016cc                alarm_pool_get_default
 .text.alarm_pool_add_alarm_at
                0x100016f8      0x10e CMakeFiles/kernel.dir/Users/attilio/.pico-sdk/sdk/1.5.1/src/common/pico_time/time.c.obj
                0x100016f8                alarm_pool_add_alarm_at
 .text.add_alarm_at
                0x10001806       0x2e CMakeFiles/kernel.dir/Users/attilio/.pico-sdk/sdk/1.5.1/src/common/pico_time/time.c.obj
 .text.alarm_pool_cancel_alarm
                0x10001834       0xa8 CMakeFiles/kernel.dir/Users/attilio/.pico-sdk/sdk/1.5.1/src/common/pico_time/time.c.obj
                0x10001834                alarm_pool_cancel_alarm
 .text.cancel_alarm
                0x100018dc       0x10 CMakeFiles/kernel.dir/Users/attilio/.pico-sdk/sdk/1.5.1/src/common/pico_time/time.c.obj
 .text.best_effort_wfe_or_timeout
                0x100018ec       0x44 CMakeFiles/kernel.dir/Users/attilio/.pico-sdk/sdk/1.5.1/src/common/pico_time/time.c.obj
                0x100018ec                best_effort_wfe_or_timeout
 .text.update_us_since_boot
                0x10001930       0x24 CMakeFiles/kernel.dir/Users/attilio/.pico-sdk/sdk/1.5.1/src/rp2_common/hardware_timer/timer.c.obj
 .text.hardware_alarm_irq_handler
                0x10001954       0x8c CMakeFiles/kernel.dir/Users/attilio/.pico-sdk/sdk/1.5.1/src/rp2_common/hardware_timer/timer.c.obj
 .text.hardware_alarm_claim
                0x100019e0       0x18 CMakeFiles/kernel.dir/Users/attilio/.pico-sdk/sdk/1.5.1/src/rp2_common/hardware_timer/timer.c.obj
                0x100019e0                hardware_alarm_claim
 .text.time_us_64
                0x100019f8       0x18 CMakeFiles/kernel.dir/Users/attilio/.pico-sdk/sdk/1.5.1/src/rp2_common/hardware_timer/timer.c.obj
                0x100019f8                time_us_64
 .text.busy_wait_until
                0x10001a10       0x28 CMakeFiles/kernel.dir/Users/attilio/.pico-sdk/sdk/1.5.1/src/rp2_common/hardware_timer/timer.c.obj
                0x10001a10                busy_wait_until
 .text.busy_wait_us
                0x10001a38       0x3a CMakeFiles/kernel.dir/Users/attilio/.pico-sdk/sdk/1.5.1/src/rp2_common/hardware_timer/timer.c.obj
                0x10001a38                busy_wait_us
 *fill*         0x10001a72        0x2 
 .text.hardware_alarm_set_callback
                0x10001a74       0x90 CMakeFiles/kernel.dir/Users/attilio/.pico-sdk/sdk/1.5.1/src/rp2_common/hardware_timer/timer.c.obj
                0x10001a74                hardware_alarm_set_callback
 .text.hardware_alarm_set_target
                0x10001b04       0xe8 CMakeFiles/kernel.dir/Users/attilio/.pico-sdk/sdk/1.5.1/src/rp2_common/hardware_timer/timer.c.obj
                0x10001b04                hardware_alarm_set_target
 .text.hardware_alarm_cancel
                0x10001bec       0x40 CMakeFiles/kernel.dir/Users/attilio/.pico-sdk/sdk/1.5.1/src/rp2_common/hardware_timer/timer.c.obj
                0x10001bec                hardware_alarm_cancel
 .text.ph_get_node
                0x10001c2c       0x30 CMakeFiles/kernel.dir/Users/attilio/.pico-sdk/sdk/1.5.1/src/common/pico_util/pheap.c.obj
 .text.ph_add_child_node
                0x10001c5c       0x6c CMakeFiles/kernel.dir/Users/attilio/.pico-sdk/sdk/1.5.1/src/common/pico_util/pheap.c.obj
 .text.ph_merge_nodes
                0x10001cc8       0x3e CMakeFiles/kernel.dir/Users/attilio/.pico-sdk/sdk/1.5.1/src/common/pico_util/pheap.c.obj
 .text.ph_clear
                0x10001d06       0x34 CMakeFiles/kernel.dir/Users/attilio/.pico-sdk/sdk/1.5.1/src/common/pico_util/pheap.c.obj
                0x10001d06                ph_clear
 .text.ph_post_alloc_init
                0x10001d3a        0xe CMakeFiles/kernel.dir/Users/attilio/.pico-sdk/sdk/1.5.1/src/common/pico_util/pheap.c.obj
                0x10001d3a                ph_post_alloc_init
 .text.ph_merge_two_pass
                0x10001d48       0x5c CMakeFiles/kernel.dir/Users/attilio/.pico-sdk/sdk/1.5.1/src/common/pico_util/pheap.c.obj
                0x10001d48                ph_merge_two_pass
 .text.ph_remove_any_head
                0x10001da4       0xc0 CMakeFiles/kernel.dir/Users/attilio/.pico-sdk/sdk/1.5.1/src/common/pico_util/pheap.c.obj
 .text.ph_remove_head
                0x10001e64       0x14 CMakeFiles/kernel.dir/Users/attilio/.pico-sdk/sdk/1.5.1/src/common/pico_util/pheap.c.obj
                0x10001e64                ph_remove_head
 .text.ph_remove_and_free_node
                0x10001e78       0xa0 CMakeFiles/kernel.dir/Users/attilio/.pico-sdk/sdk/1.5.1/src/common/pico_util/pheap.c.obj
                0x10001e78                ph_remove_and_free_node
 .text.uart_disable_before_lcr_write
                0x10001f18       0x48 CMakeFiles/kernel.dir/Users/attilio/.pico-sdk/sdk/1.5.1/src/rp2_common/hardware_uart/uart.c.obj
 .text.uart_write_lcr_bits_masked
                0x10001f60       0x22 CMakeFiles/kernel.dir/Users/attilio/.pico-sdk/sdk/1.5.1/src/rp2_common/hardware_uart/uart.c.obj
 *fill*         0x10001f82        0x2 
 .text.uart_set_baudrate
                0x10001f84       0x5c CMakeFiles/kernel.dir/Users/attilio/.pico-sdk/sdk/1.5.1/src/rp2_common/hardware_uart/uart.c.obj
                0x10001f84                uart_set_baudrate
 .text.uart_set_format
                0x10001fe0       0x2c CMakeFiles/kernel.dir/Users/attilio/.pico-sdk/sdk/1.5.1/src/rp2_common/hardware_uart/uart.c.obj
                0x10001fe0                uart_set_format
 .text.uart_set_translate_crlf
                0x1000200c       0x28 CMakeFiles/kernel.dir/Users/attilio/.pico-sdk/sdk/1.5.1/src/rp2_common/hardware_uart/uart.c.obj
                0x1000200c                uart_set_translate_crlf
 .text.uart_init
                0x10002034       0x80 CMakeFiles/kernel.dir/Users/attilio/.pico-sdk/sdk/1.5.1/src/rp2_common/hardware_uart/uart.c.obj
                0x10002034                uart_init
 .text.clock_configure
                0x100020b4      0x108 CMakeFiles/kernel.dir/Users/attilio/.pico-sdk/sdk/1.5.1/src/rp2_common/hardware_clocks/clocks.c.obj
                0x100020b4                clock_configure
 .text.clocks_init
                0x100021bc      0x100 CMakeFiles/kernel.dir/Users/attilio/.pico-sdk/sdk/1.5.1/src/rp2_common/hardware_clocks/clocks.c.obj
                0x100021bc                clocks_init
 .text.clock_get_hz
                0x100022bc        0xc CMakeFiles/kernel.dir/Users/attilio/.pico-sdk/sdk/1.5.1/src/rp2_common/hardware_clocks/clocks.c.obj
                0x100022bc                clock_get_hz
 .text.pll_init
                0x100022c8      0x120 CMakeFiles/kernel.dir/Users/attilio/.pico-sdk/sdk/1.5.1/src/rp2_common/hardware_pll/pll.c.obj
                0x100022c8                pll_init
 .text.watchdog_start_tick
                0x100023e8       0x10 CMakeFiles/kernel.dir/Users/attilio/.pico-sdk/sdk/1.5.1/src/rp2_common/hardware_watchdog/watchdog.c.obj
                0x100023e8                watchdog_start_tick
 .text.xosc_init
                0x100023f8       0x28 CMakeFiles/kernel.dir/Users/attilio/.pico-sdk/sdk/1.5.1/src/rp2_common/hardware_xosc/xosc.c.obj
                0x100023f8                xosc_init
 .text._exit    0x10002420        0x4 CMakeFiles/kernel.dir/Users/attilio/.pico-sdk/sdk/1.5.1/src/rp2_common/pico_runtime/runtime.c.obj
                0x10002420                _exit
 .text.exit     0x10002424        0x6 CMakeFiles/kernel.dir/Users/attilio/.pico-sdk/sdk/1.5.1/src/rp2_common/pico_runtime/runtime.c.obj
                0x10002424                exit
 *fill*         0x1000242a        0x2 
 .text.__assert_func
                0x1000242c       0x38 CMakeFiles/kernel.dir/Users/attilio/.pico-sdk/sdk/1.5.1/src/rp2_common/pico_runtime/runtime.c.obj
                0x1000242c                __assert_func
 .text.runtime_init
                0x10002464       0xf8 CMakeFiles/kernel.dir/Users/attilio/.pico-sdk/sdk/1.5.1/src/rp2_common/pico_runtime/runtime.c.obj
                0x10002464                runtime_init
 .text.panic    0x1000255c       0x30 CMakeFiles/kernel.dir/Users/attilio/.pico-sdk/sdk/1.5.1/src/rp2_common/pico_runtime/runtime.c.obj
                0x1000255c                panic
 .text._out_null
                0x1000258c        0x2 CMakeFiles/kernel.dir/Users/attilio/.pico-sdk/sdk/1.5.1/src/rp2_common/pico_printf/printf.c.obj
 .text._out_fct
                0x1000258e        0xe CMakeFiles/kernel.dir/Users/attilio/.pico-sdk/sdk/1.5.1/src/rp2_common/pico_printf/printf.c.obj
 .text._atoi    0x1000259c       0x24 CMakeFiles/kernel.dir/Users/attilio/.pico-sdk/sdk/1.5.1/src/rp2_common/pico_printf/printf.c.obj
 .text._out_rev
                0x100025c0       0xae CMakeFiles/kernel.dir/Users/attilio/.pico-sdk/sdk/1.5.1/src/rp2_common/pico_printf/printf.c.obj
 .text._ntoa_format
                0x1000266e      0x110 CMakeFiles/kernel.dir/Users/attilio/.pico-sdk/sdk/1.5.1/src/rp2_common/pico_printf/printf.c.obj
 .text._ntoa_long
                0x1000277e       0xbc CMakeFiles/kernel.dir/Users/attilio/.pico-sdk/sdk/1.5.1/src/rp2_common/pico_printf/printf.c.obj
 .text._ntoa_long_long
                0x1000283a      0x10e CMakeFiles/kernel.dir/Users/attilio/.pico-sdk/sdk/1.5.1/src/rp2_common/pico_printf/printf.c.obj
 .text._etoa    0x10002948      0x420 CMakeFiles/kernel.dir/Users/attilio/.pico-sdk/sdk/1.5.1/src/rp2_common/pico_printf/printf.c.obj
 .text._ftoa    0x10002d68      0x354 CMakeFiles/kernel.dir/Users/attilio/.pico-sdk/sdk/1.5.1/src/rp2_common/pico_printf/printf.c.obj
 .text._vsnprintf
                0x100030bc      0x668 CMakeFiles/kernel.dir/Users/attilio/.pico-sdk/sdk/1.5.1/src/rp2_common/pico_printf/printf.c.obj
 .text.vfctprintf
                0x10003724       0x20 CMakeFiles/kernel.dir/Users/attilio/.pico-sdk/sdk/1.5.1/src/rp2_common/pico_printf/printf.c.obj
                0x10003724                vfctprintf
 .text          0x10003744       0x10 CMakeFiles/kernel.dir/Users/attilio/.pico-sdk/sdk/1.5.1/src/rp2_common/pico_bit_ops/bit_ops_aeabi.S.obj
 .text.rom_func_lookup
                0x10003754       0x10 CMakeFiles/kernel.dir/Users/attilio/.pico-sdk/sdk/1.5.1/src/rp2_common/pico_bootrom/bootrom.c.obj
                0x10003754                rom_func_lookup
 .text.rom_data_lookup
                0x10003764       0x10 CMakeFiles/kernel.dir/Users/attilio/.pico-sdk/sdk/1.5.1/src/rp2_common/pico_bootrom/bootrom.c.obj
                0x10003764                rom_data_lookup
 .text.rom_funcs_lookup
                0x10003774       0x36 CMakeFiles/kernel.dir/Users/attilio/.pico-sdk/sdk/1.5.1/src/rp2_common/pico_bootrom/bootrom.c.obj
                0x10003774                rom_funcs_lookup
 *fill*         0x100037aa        0x2 
 .text.__wrap___aeabi_idiv
                0x100037ac       0x50 CMakeFiles/kernel.dir/Users/attilio/.pico-sdk/sdk/1.5.1/src/rp2_common/pico_divider/divider.S.obj
                0x100037ac                __wrap___aeabi_idivmod
                0x100037ac                divmod_s32s32
                0x100037ac                div_s32s32
                0x100037ac                __wrap___aeabi_idiv
                0x100037b4                divmod_s32s32_unsafe
                0x100037e0                divmod_s32s32_savestate
 .text.__wrap___aeabi_uidiv
                0x100037fc       0x4c CMakeFiles/kernel.dir/Users/attilio/.pico-sdk/sdk/1.5.1/src/rp2_common/pico_divider/divider.S.obj
                0x100037fc                __wrap___aeabi_uidiv
                0x100037fc                __wrap___aeabi_uidivmod
                0x100037fc                div_u32u32
                0x100037fc                divmod_u32u32
                0x10003804                divmod_u32u32_unsafe
                0x1000382c                divmod_u32u32_savestate
 .text.__wrap___aeabi_ldiv
                0x10003848      0x424 CMakeFiles/kernel.dir/Users/attilio/.pico-sdk/sdk/1.5.1/src/rp2_common/pico_divider/divider.S.obj
                0x10003848                __wrap___aeabi_ldivmod
                0x10003848                div_s64s64
                0x10003848                divmod_s64s64
                0x10003878                divmod_u64u64
                0x10003878                div_u64u64
                0x10003878                __wrap___aeabi_uldivmod
                0x10003888                divmod_u64u64_savestate
                0x100038a8                divmod_s64s64_unsafe
                0x10003930                divmod_u64u64_unsafe
 .text.__wrap___aeabi_darithmetic
                0x10003c6c       0x80 CMakeFiles/kernel.dir/Users/attilio/.pico-sdk/sdk/1.5.1/src/rp2_common/pico_double/double_aeabi.S.obj
                0x10003c6c                __wrap___aeabi_drsub
                0x10003c72                __wrap___aeabi_dsub
                0x10003c84                __wrap___aeabi_dadd
                0x10003c96                __wrap___aeabi_ddiv
                0x10003cd2                __wrap___aeabi_dmul
 .text.__wrap___aeabi_cdcmple
                0x10003cec       0x6c CMakeFiles/kernel.dir/Users/attilio/.pico-sdk/sdk/1.5.1/src/rp2_common/pico_double/double_aeabi.S.obj
                0x10003cec                __wrap___aeabi_cdrcmple
                0x10003cfc                __wrap___aeabi_cdcmple
                0x10003cfc                __wrap___aeabi_cdcmpeq
 .text.__wrap___aeabi_dcmplt
                0x10003d58        0xc CMakeFiles/kernel.dir/Users/attilio/.pico-sdk/sdk/1.5.1/src/rp2_common/pico_double/double_aeabi.S.obj
                0x10003d58                __wrap___aeabi_dcmplt
 .text.__wrap___aeabi_dcmple
                0x10003d64       0x10 CMakeFiles/kernel.dir/Users/attilio/.pico-sdk/sdk/1.5.1/src/rp2_common/pico_double/double_aeabi.S.obj
                0x10003d64                __wrap___aeabi_dcmple
 .text.__wrap___aeabi_dcmpge
                0x10003d74       0x10 CMakeFiles/kernel.dir/Users/attilio/.pico-sdk/sdk/1.5.1/src/rp2_common/pico_double/double_aeabi.S.obj
                0x10003d74                __wrap___aeabi_dcmpge
 .text.__wrap___aeabi_dcmpgt
                0x10003d84        0xa CMakeFiles/kernel.dir/Users/attilio/.pico-sdk/sdk/1.5.1/src/rp2_common/pico_double/double_aeabi.S.obj
                0x10003d84                __wrap___aeabi_dcmpgt
 .text.__wrap___aeabi_dcmpun
                0x10003d8e       0x1c CMakeFiles/kernel.dir/Users/attilio/.pico-sdk/sdk/1.5.1/src/rp2_common/pico_double/double_aeabi.S.obj
                0x10003d8e                __wrap___aeabi_dcmpun
 *fill*         0x10003daa        0x2 
 .text.__wrap___aeabi_i2d
                0x10003dac       0x38 CMakeFiles/kernel.dir/Users/attilio/.pico-sdk/sdk/1.5.1/src/rp2_common/pico_double/double_aeabi.S.obj
                0x10003dac                __wrap___aeabi_ui2d
                0x10003db4                __wrap___aeabi_i2d
 .text.__wrap___aeabi_d2iz
                0x10003de4       0x48 CMakeFiles/kernel.dir/Users/attilio/.pico-sdk/sdk/1.5.1/src/rp2_common/pico_double/double_aeabi.S.obj
                0x10003de4                __wrap___aeabi_d2iz
                0x10003de4                double2int_z
 .text.__wrap___aeabi_d2uiz
                0x10003e2c       0x18 CMakeFiles/kernel.dir/Users/attilio/.pico-sdk/sdk/1.5.1/src/rp2_common/pico_double/double_aeabi.S.obj
                0x10003e2c                double2uint
                0x10003e2c                __wrap___aeabi_d2uiz
 .text.__aeabi_double_init
                0x10003e44       0xcc CMakeFiles/kernel.dir/Users/attilio/.pico-sdk/sdk/1.5.1/src/rp2_common/pico_double/double_init_rom.c.obj
                0x10003e44                __aeabi_double_init
 .text.double_table_shim_on_use_helper
                0x10003f10       0x34 CMakeFiles/kernel.dir/Users/attilio/.pico-sdk/sdk/1.5.1/src/rp2_common/pico_double/double_v1_rom_shim.S.obj
                0x10003f10                double_table_shim_on_use_helper
 .text.__wrap___aeabi_dsub
                0x10003f44       0x10 CMakeFiles/kernel.dir/Users/attilio/.pico-sdk/sdk/1.5.1/src/rp2_common/pico_double/double_v1_rom_shim.S.obj
                0x10003f44                drsub_shim
                0x10003f4a                dsub_shim
 .text.dadd_shim
                0x10003f54      0x15c CMakeFiles/kernel.dir/Users/attilio/.pico-sdk/sdk/1.5.1/src/rp2_common/pico_double/double_v1_rom_shim.S.obj
                0x10003f54                dadd_shim
 .text.dmul_shim
                0x100040b0      0x15c CMakeFiles/kernel.dir/Users/attilio/.pico-sdk/sdk/1.5.1/src/rp2_common/pico_double/double_v1_rom_shim.S.obj
                0x100040b0                dmul_shim
 .text.ddiv_shim
                0x1000420c      0x1b0 CMakeFiles/kernel.dir/Users/attilio/.pico-sdk/sdk/1.5.1/src/rp2_common/pico_double/double_v1_rom_shim.S.obj
                0x1000420c                ddiv_shim
 .text.double2uint_shim
                0x100043bc        0xe CMakeFiles/kernel.dir/Users/attilio/.pico-sdk/sdk/1.5.1/src/rp2_common/pico_double/double_v1_rom_shim.S.obj
                0x100043bc                double2uint_shim
                0x100043be                double2ufix_shim
 *fill*         0x100043ca        0x2 
 .text.double2uint64_shim
                0x100043cc       0x70 CMakeFiles/kernel.dir/Users/attilio/.pico-sdk/sdk/1.5.1/src/rp2_common/pico_double/double_v1_rom_shim.S.obj
                0x100043cc                double2uint64_shim
                0x100043ce                double2ufix64_shim
                0x100043ee                d2fix_a
 .text.dunpacks
                0x1000443c       0x3c CMakeFiles/kernel.dir/Users/attilio/.pico-sdk/sdk/1.5.1/src/rp2_common/pico_double/double_v1_rom_shim.S.obj
                0x1000443c                dunpacks
 .text.__aeabi_lmul
                0x10004478       0x32 CMakeFiles/kernel.dir/Users/attilio/.pico-sdk/sdk/1.5.1/src/rp2_common/pico_int64_ops/pico_int64_ops_aeabi.S.obj
                0x10004478                __wrap___aeabi_lmul
 *fill*         0x100044aa        0x2 
 .text.__aeabi_float_init
                0x100044ac       0xfc CMakeFiles/kernel.dir/Users/attilio/.pico-sdk/sdk/1.5.1/src/rp2_common/pico_float/float_init_rom.c.obj
                0x100044ac                __aeabi_float_init
 .text.float_table_shim_on_use_helper
                0x100045a8       0x34 CMakeFiles/kernel.dir/Users/attilio/.pico-sdk/sdk/1.5.1/src/rp2_common/pico_float/float_v1_rom_shim.S.obj
                0x100045a8                float_table_shim_on_use_helper
 .text          0x100045dc       0x10 CMakeFiles/kernel.dir/Users/attilio/.pico-sdk/sdk/1.5.1/src/rp2_common/pico_mem_ops/mem_ops_aeabi.S.obj
                0x100045dc                __aeabi_mem_init
 .text.memcpy   0x100045ec        0xc CMakeFiles/kernel.dir/Users/attilio/.pico-sdk/sdk/1.5.1/src/rp2_common/pico_mem_ops/mem_ops_aeabi.S.obj
                0x100045ec                __wrap___aeabi_memcpy
                0x100045ec                __wrap_memcpy
 .text.stdio_out_chars_no_crlf
                0x100045f8        0xe CMakeFiles/kernel.dir/Users/attilio/.pico-sdk/sdk/1.5.1/src/rp2_common/pico_stdio/stdio.c.obj
 *fill*         0x10004606        0x2 
 .text.stdio_out_chars_crlf
                0x10004608       0x80 CMakeFiles/kernel.dir/Users/attilio/.pico-sdk/sdk/1.5.1/src/rp2_common/pico_stdio/stdio.c.obj
 .text.stdio_stack_buffer_flush
                0x10004688       0x44 CMakeFiles/kernel.dir/Users/attilio/.pico-sdk/sdk/1.5.1/src/rp2_common/pico_stdio/stdio.c.obj
 .text.stdio_buffered_printer
                0x100046cc       0x20 CMakeFiles/kernel.dir/Users/attilio/.pico-sdk/sdk/1.5.1/src/rp2_common/pico_stdio/stdio.c.obj
 .text.update_us_since_boot
                0x100046ec       0x24 CMakeFiles/kernel.dir/Users/attilio/.pico-sdk/sdk/1.5.1/src/rp2_common/pico_stdio/stdio.c.obj
 .text.get_absolute_time
                0x10004710       0x22 CMakeFiles/kernel.dir/Users/attilio/.pico-sdk/sdk/1.5.1/src/rp2_common/pico_stdio/stdio.c.obj
 *fill*         0x10004732        0x2 
 .text.delayed_by_ms
                0x10004734       0x44 CMakeFiles/kernel.dir/Users/attilio/.pico-sdk/sdk/1.5.1/src/rp2_common/pico_stdio/stdio.c.obj
 .text.make_timeout_time_ms
                0x10004778       0x20 CMakeFiles/kernel.dir/Users/attilio/.pico-sdk/sdk/1.5.1/src/rp2_common/pico_stdio/stdio.c.obj
 .text.stdout_serialize_begin
                0x10004798       0x20 CMakeFiles/kernel.dir/Users/attilio/.pico-sdk/sdk/1.5.1/src/rp2_common/pico_stdio/stdio.c.obj
                0x10004798                stdout_serialize_begin
 .text.stdout_serialize_end
                0x100047b8       0x10 CMakeFiles/kernel.dir/Users/attilio/.pico-sdk/sdk/1.5.1/src/rp2_common/pico_stdio/stdio.c.obj
                0x100047b8                stdout_serialize_end
 .text.stdio_put_string
                0x100047c8       0x98 CMakeFiles/kernel.dir/Users/attilio/.pico-sdk/sdk/1.5.1/src/rp2_common/pico_stdio/stdio.c.obj
 .text.stdio_set_driver_enabled
                0x10004860       0x2c CMakeFiles/kernel.dir/Users/attilio/.pico-sdk/sdk/1.5.1/src/rp2_common/pico_stdio/stdio.c.obj
                0x10004860                stdio_set_driver_enabled
 .text.stdio_flush
                0x1000488c       0x20 CMakeFiles/kernel.dir/Users/attilio/.pico-sdk/sdk/1.5.1/src/rp2_common/pico_stdio/stdio.c.obj
                0x1000488c                stdio_flush
 .text.__wrap_puts
                0x100048ac       0x1e CMakeFiles/kernel.dir/Users/attilio/.pico-sdk/sdk/1.5.1/src/rp2_common/pico_stdio/stdio.c.obj
                0x100048ac                __wrap_puts
 *fill*         0x100048ca        0x2 
 .text.__wrap_vprintf
                0x100048cc       0x40 CMakeFiles/kernel.dir/Users/attilio/.pico-sdk/sdk/1.5.1/src/rp2_common/pico_stdio/stdio.c.obj
                0x100048cc                __wrap_vprintf
 .text.__wrap_printf
                0x1000490c       0x18 CMakeFiles/kernel.dir/Users/attilio/.pico-sdk/sdk/1.5.1/src/rp2_common/pico_stdio/stdio.c.obj
                0x1000490c                __wrap_printf
 .text.stdio_init_all
                0x10004924        0xa CMakeFiles/kernel.dir/Users/attilio/.pico-sdk/sdk/1.5.1/src/rp2_common/pico_stdio/stdio.c.obj
                0x10004924                stdio_init_all
 *fill*         0x1000492e        0x2 
 .text.uart_putc
                0x10004930       0x60 CMakeFiles/kernel.dir/Users/attilio/.pico-sdk/sdk/1.5.1/src/rp2_common/pico_stdio_uart/stdio_uart.c.obj
 .text.uart_getc
                0x10004990       0x24 CMakeFiles/kernel.dir/Users/attilio/.pico-sdk/sdk/1.5.1/src/rp2_common/pico_stdio_uart/stdio_uart.c.obj
 .text.stdio_uart_out_chars
                0x100049b4       0x20 CMakeFiles/kernel.dir/Users/attilio/.pico-sdk/sdk/1.5.1/src/rp2_common/pico_stdio_uart/stdio_uart.c.obj
 .text.stdio_uart_in_chars
                0x100049d4       0x5c CMakeFiles/kernel.dir/Users/attilio/.pico-sdk/sdk/1.5.1/src/rp2_common/pico_stdio_uart/stdio_uart.c.obj
                0x100049d4                stdio_uart_in_chars
 .text.on_uart_rx
                0x10004a30       0x28 CMakeFiles/kernel.dir/Users/attilio/.pico-sdk/sdk/1.5.1/src/rp2_common/pico_stdio_uart/stdio_uart.c.obj
 .text.stdio_uart_set_chars_available_callback
                0x10004a58       0x8c CMakeFiles/kernel.dir/Users/attilio/.pico-sdk/sdk/1.5.1/src/rp2_common/pico_stdio_uart/stdio_uart.c.obj
 .text.stdio_uart_init_full
                0x10004ae4       0x44 CMakeFiles/kernel.dir/Users/attilio/.pico-sdk/sdk/1.5.1/src/rp2_common/pico_stdio_uart/stdio_uart.c.obj
                0x10004ae4                stdio_uart_init_full
 .text.stdio_uart_init
                0x10004b28       0x28 CMakeFiles/kernel.dir/Users/attilio/.pico-sdk/sdk/1.5.1/src/rp2_common/pico_stdio_uart/stdio_uart.c.obj
                0x10004b28                stdio_uart_init
 .text.strlen   0x10004b50       0x5c /Users/attilio/.pico-sdk/toolchain/13_2_Rel1/bin/../lib/gcc/arm-none-eabi/13.2.1/../../../../arm-none-eabi/lib/thumb/v6-m/nofp/libg.a(libc_a-strlen-stub.o)
                0x10004b50                strlen
 *(.fini)
 .fini          0x10004bac        0x4 /Users/attilio/.pico-sdk/toolchain/13_2_Rel1/bin/../lib/gcc/arm-none-eabi/13.2.1/thumb/v6-m/nofp/crti.o
                0x10004bac                _fini
 .fini.__stub   0x10004bb0       0x40 linker stubs
 *crtbegin.o(.ctors)
 *crtbegin?.o(.ctors)
 *(EXCLUDE_FILE(*crtend.o *crtend?.o) .ctors)
 *(SORT_BY_NAME(.ctors.*))
 *(.ctors)
 *crtbegin.o(.dtors)
 *crtbegin?.o(.dtors)
 *(EXCLUDE_FILE(*crtend.o *crtend?.o) .dtors)
 *(SORT_BY_NAME(.dtors.*))
 *(.dtors)
 *(.eh_frame*)
 .eh_frame      0x10004bf0        0x0 /Users/attilio/.pico-sdk/toolchain/13_2_Rel1/bin/../lib/gcc/arm-none-eabi/13.2.1/thumb/v6-m/nofp/crtbegin.o
                0x10004bf0                        . = ALIGN (0x4)

.glue_7         0x10004bf0        0x0
 .glue_7        0x10004bf0        0x0 linker stubs

.glue_7t        0x10004bf0        0x0
 .glue_7t       0x10004bf0        0x0 linker stubs

.vfp11_veneer   0x10004bf0        0x0
 .vfp11_veneer  0x10004bf0        0x0 linker stubs

.v4_bx          0x10004bf0        0x0
 .v4_bx         0x10004bf0        0x0 linker stubs

.iplt           0x10004bf0        0x0
 .iplt          0x10004bf0        0x0 /Users/attilio/.pico-sdk/toolchain/13_2_Rel1/bin/../lib/gcc/arm-none-eabi/13.2.1/thumb/v6-m/nofp/crtbegin.o

.rodata         0x10004bf0      0xf4c
 *(EXCLUDE_FILE(*libm.a: *libc.a:*lib_a-mem*.o *libgcc.a:) .rodata*)
 .rodata.update_us_since_boot.str1.4
                0x10004bf0      0xa78 CMakeFiles/kernel.dir/kernel.c.obj
                                 0x69 (size before relaxing)
 .rodata.task1.str1.4
                0x10005668       0x1e CMakeFiles/kernel.dir/kernel.c.obj
 .rodata.task2.str1.4
                0x10005668       0x1e CMakeFiles/kernel.dir/kernel.c.obj
 .rodata.main.str1.4
                0x10005668        0xa CMakeFiles/kernel.dir/kernel.c.obj
 .rodata.__func__.0
                0x10005668       0x15 CMakeFiles/kernel.dir/kernel.c.obj
 .rodata.update_us_since_boot.str1.4
                0x1000567d       0x69 CMakeFiles/kernel.dir/scheduler.c.obj
 .rodata.create_process.str1.4
                0x1000567d       0x4e CMakeFiles/kernel.dir/scheduler.c.obj
 .rodata.schedule.str1.4
                0x1000567d       0x3d CMakeFiles/kernel.dir/scheduler.c.obj
 *fill*         0x1000567d        0x3 
 .rodata.__func__.0
                0x10005680       0x15 CMakeFiles/kernel.dir/scheduler.c.obj
 *fill*         0x10005695        0x3 
 .rodata.__func__.1
                0x10005698        0xf CMakeFiles/kernel.dir/scheduler.c.obj
 .rodata.resolve_branch.str1.4
                0x100056a7       0x5d CMakeFiles/kernel.dir/Users/attilio/.pico-sdk/sdk/1.5.1/src/rp2_common/hardware_irq/irq.c.obj
 .rodata.make_branch.str1.4
                0x100056a7       0x30 CMakeFiles/kernel.dir/Users/attilio/.pico-sdk/sdk/1.5.1/src/rp2_common/hardware_irq/irq.c.obj
 .rodata.insert_branch_and_link.str1.4
                0x100056a7       0x10 CMakeFiles/kernel.dir/Users/attilio/.pico-sdk/sdk/1.5.1/src/rp2_common/hardware_irq/irq.c.obj
 .rodata.irq_set_exclusive_handler.str1.4
                0x100056a7       0x36 CMakeFiles/kernel.dir/Users/attilio/.pico-sdk/sdk/1.5.1/src/rp2_common/hardware_irq/irq.c.obj
 .rodata.irq_remove_handler.str1.4
                0x100056a7       0x3a CMakeFiles/kernel.dir/Users/attilio/.pico-sdk/sdk/1.5.1/src/rp2_common/hardware_irq/irq.c.obj
 .rodata.irq_add_tail_to_free_list.str1.4
                0x100056a7       0x3a CMakeFiles/kernel.dir/Users/attilio/.pico-sdk/sdk/1.5.1/src/rp2_common/hardware_irq/irq.c.obj
 *fill*         0x100056a7        0x1 
 .rodata.__func__.0
                0x100056a8       0x1a CMakeFiles/kernel.dir/Users/attilio/.pico-sdk/sdk/1.5.1/src/rp2_common/hardware_irq/irq.c.obj
 *fill*         0x100056c2        0x2 
 .rodata.__func__.1
                0x100056c4       0x17 CMakeFiles/kernel.dir/Users/attilio/.pico-sdk/sdk/1.5.1/src/rp2_common/hardware_irq/irq.c.obj
 *fill*         0x100056db        0x1 
 .rodata.__func__.2
                0x100056dc       0x13 CMakeFiles/kernel.dir/Users/attilio/.pico-sdk/sdk/1.5.1/src/rp2_common/hardware_irq/irq.c.obj
 *fill*         0x100056ef        0x1 
 .rodata.__func__.3
                0x100056f0        0xc CMakeFiles/kernel.dir/Users/attilio/.pico-sdk/sdk/1.5.1/src/rp2_common/hardware_irq/irq.c.obj
 .rodata.__func__.4
                0x100056fc        0xf CMakeFiles/kernel.dir/Users/attilio/.pico-sdk/sdk/1.5.1/src/rp2_common/hardware_irq/irq.c.obj
 *fill*         0x1000570b        0x1 
 .rodata.__func__.6
                0x1000570c       0x1a CMakeFiles/kernel.dir/Users/attilio/.pico-sdk/sdk/1.5.1/src/rp2_common/hardware_irq/irq.c.obj
 .rodata.str1.4
                0x10005726       0x91 CMakeFiles/kernel.dir/Users/attilio/.pico-sdk/sdk/1.5.1/src/common/pico_sync/mutex.c.obj
 *fill*         0x10005726        0x2 
 .rodata.__func__.1
                0x10005728        0xb CMakeFiles/kernel.dir/Users/attilio/.pico-sdk/sdk/1.5.1/src/common/pico_sync/mutex.c.obj
 *fill*         0x10005733        0x1 
 .rodata.__func__.3
                0x10005734       0x18 CMakeFiles/kernel.dir/Users/attilio/.pico-sdk/sdk/1.5.1/src/common/pico_sync/mutex.c.obj
 .rodata.get_entry.str1.4
                0x1000574c       0x63 CMakeFiles/kernel.dir/Users/attilio/.pico-sdk/sdk/1.5.1/src/common/pico_time/time.c.obj
 .rodata.update_us_since_boot.str1.4
                0x1000574c       0x69 CMakeFiles/kernel.dir/Users/attilio/.pico-sdk/sdk/1.5.1/src/common/pico_time/time.c.obj
 .rodata.ph_get_node.str1.4
                0x1000574c       0x6e CMakeFiles/kernel.dir/Users/attilio/.pico-sdk/sdk/1.5.1/src/common/pico_time/time.c.obj
 .rodata.ph_add_child_node.str1.4
                0x1000574c       0x2e CMakeFiles/kernel.dir/Users/attilio/.pico-sdk/sdk/1.5.1/src/common/pico_time/time.c.obj
 .rodata.ph_insert_node.str1.4
                0x1000574c        0x3 CMakeFiles/kernel.dir/Users/attilio/.pico-sdk/sdk/1.5.1/src/common/pico_time/time.c.obj
 .rodata.ph_free_node.str1.4
                0x1000574c       0x38 CMakeFiles/kernel.dir/Users/attilio/.pico-sdk/sdk/1.5.1/src/common/pico_time/time.c.obj
 .rodata.add_alarm_under_lock.str1.4
                0x1000574c       0x28 CMakeFiles/kernel.dir/Users/attilio/.pico-sdk/sdk/1.5.1/src/common/pico_time/time.c.obj
 .rodata.alarm_pool_alarm_callback.str1.4
                0x1000574c       0x60 CMakeFiles/kernel.dir/Users/attilio/.pico-sdk/sdk/1.5.1/src/common/pico_time/time.c.obj
 .rodata.alarm_pool_get_default.str1.4
                0x1000574c       0x21 CMakeFiles/kernel.dir/Users/attilio/.pico-sdk/sdk/1.5.1/src/common/pico_time/time.c.obj
 .rodata.alarm_pool_cancel_alarm.str1.4
                0x1000574c       0x27 CMakeFiles/kernel.dir/Users/attilio/.pico-sdk/sdk/1.5.1/src/common/pico_time/time.c.obj
 .rodata.__func__.1
                0x1000574c       0x18 CMakeFiles/kernel.dir/Users/attilio/.pico-sdk/sdk/1.5.1/src/common/pico_time/time.c.obj
 .rodata.__func__.3
                0x10005764       0x17 CMakeFiles/kernel.dir/Users/attilio/.pico-sdk/sdk/1.5.1/src/common/pico_time/time.c.obj
 *fill*         0x1000577b        0x1 
 .rodata.__func__.4
                0x1000577c       0x12 CMakeFiles/kernel.dir/Users/attilio/.pico-sdk/sdk/1.5.1/src/common/pico_time/time.c.obj
 *fill*         0x1000578e        0x2 
 .rodata.__func__.5
                0x10005790        0xd CMakeFiles/kernel.dir/Users/attilio/.pico-sdk/sdk/1.5.1/src/common/pico_time/time.c.obj
 *fill*         0x1000579d        0x3 
 .rodata.__func__.6
                0x100057a0       0x12 CMakeFiles/kernel.dir/Users/attilio/.pico-sdk/sdk/1.5.1/src/common/pico_time/time.c.obj
 *fill*         0x100057b2        0x2 
 .rodata.__func__.7
                0x100057b4        0xf CMakeFiles/kernel.dir/Users/attilio/.pico-sdk/sdk/1.5.1/src/common/pico_time/time.c.obj
 *fill*         0x100057c3        0x1 
 .rodata.__func__.8
                0x100057c4        0xc CMakeFiles/kernel.dir/Users/attilio/.pico-sdk/sdk/1.5.1/src/common/pico_time/time.c.obj
 .rodata.__func__.9
                0x100057d0       0x15 CMakeFiles/kernel.dir/Users/attilio/.pico-sdk/sdk/1.5.1/src/common/pico_time/time.c.obj
 *fill*         0x100057e5        0x3 
 .rodata.__func__.10
                0x100057e8       0x15 CMakeFiles/kernel.dir/Users/attilio/.pico-sdk/sdk/1.5.1/src/common/pico_time/time.c.obj
 *fill*         0x100057fd        0x3 
 .rodata.__func__.11
                0x10005800       0x1a CMakeFiles/kernel.dir/Users/attilio/.pico-sdk/sdk/1.5.1/src/common/pico_time/time.c.obj
 *fill*         0x1000581a        0x2 
 .rodata.__func__.12
                0x1000581c        0xa CMakeFiles/kernel.dir/Users/attilio/.pico-sdk/sdk/1.5.1/src/common/pico_time/time.c.obj
 .rodata.update_us_since_boot.str1.4
                0x10005826       0x69 CMakeFiles/kernel.dir/Users/attilio/.pico-sdk/sdk/1.5.1/src/rp2_common/hardware_timer/timer.c.obj
 .rodata.hardware_alarm_claim.str1.4
                0x10005826       0x22 CMakeFiles/kernel.dir/Users/attilio/.pico-sdk/sdk/1.5.1/src/rp2_common/hardware_timer/timer.c.obj
 .rodata.hardware_alarm_set_target.str1.4
                0x10005826       0x6d CMakeFiles/kernel.dir/Users/attilio/.pico-sdk/sdk/1.5.1/src/rp2_common/hardware_timer/timer.c.obj
 *fill*         0x10005826        0x2 
 .rodata.__func__.0
                0x10005828       0x1a CMakeFiles/kernel.dir/Users/attilio/.pico-sdk/sdk/1.5.1/src/rp2_common/hardware_timer/timer.c.obj
 *fill*         0x10005842        0x2 
 .rodata.__func__.1
                0x10005844       0x15 CMakeFiles/kernel.dir/Users/attilio/.pico-sdk/sdk/1.5.1/src/rp2_common/hardware_timer/timer.c.obj
 .rodata.ph_get_node.str1.4
                0x10005859       0x6e CMakeFiles/kernel.dir/Users/attilio/.pico-sdk/sdk/1.5.1/src/common/pico_util/pheap.c.obj
 .rodata.ph_add_child_node.str1.4
                0x10005859       0x2e CMakeFiles/kernel.dir/Users/attilio/.pico-sdk/sdk/1.5.1/src/common/pico_util/pheap.c.obj
 .rodata.ph_remove_any_head.str1.4
                0x10005859       0xa8 CMakeFiles/kernel.dir/Users/attilio/.pico-sdk/sdk/1.5.1/src/common/pico_util/pheap.c.obj
 .rodata.ph_remove_and_free_node.str1.4
                0x10005859       0x26 CMakeFiles/kernel.dir/Users/attilio/.pico-sdk/sdk/1.5.1/src/common/pico_util/pheap.c.obj
 *fill*         0x10005859        0x3 
 .rodata.__func__.0
                0x1000585c       0x18 CMakeFiles/kernel.dir/Users/attilio/.pico-sdk/sdk/1.5.1/src/common/pico_util/pheap.c.obj
 .rodata.__func__.1
                0x10005874       0x13 CMakeFiles/kernel.dir/Users/attilio/.pico-sdk/sdk/1.5.1/src/common/pico_util/pheap.c.obj
 *fill*         0x10005887        0x1 
 .rodata.__func__.2
                0x10005888       0x12 CMakeFiles/kernel.dir/Users/attilio/.pico-sdk/sdk/1.5.1/src/common/pico_util/pheap.c.obj
 *fill*         0x1000589a        0x2 
 .rodata.__func__.3
                0x1000589c        0xc CMakeFiles/kernel.dir/Users/attilio/.pico-sdk/sdk/1.5.1/src/common/pico_util/pheap.c.obj
 .rodata.clock_configure.str1.4
                0x100058a8       0x5f CMakeFiles/kernel.dir/Users/attilio/.pico-sdk/sdk/1.5.1/src/rp2_common/hardware_clocks/clocks.c.obj
 .rodata.__func__.1
                0x100058a8       0x10 CMakeFiles/kernel.dir/Users/attilio/.pico-sdk/sdk/1.5.1/src/rp2_common/hardware_clocks/clocks.c.obj
 .rodata.pll_init.str1.4
                0x100058b8      0x12c CMakeFiles/kernel.dir/Users/attilio/.pico-sdk/sdk/1.5.1/src/rp2_common/hardware_pll/pll.c.obj
 .rodata.__func__.0
                0x100058b8        0x9 CMakeFiles/kernel.dir/Users/attilio/.pico-sdk/sdk/1.5.1/src/rp2_common/hardware_pll/pll.c.obj
 .rodata.__assert_func.str1.4
                0x100058c1       0x43 CMakeFiles/kernel.dir/Users/attilio/.pico-sdk/sdk/1.5.1/src/rp2_common/pico_runtime/runtime.c.obj
 .rodata.runtime_init.str1.4
                0x100058c1       0x69 CMakeFiles/kernel.dir/Users/attilio/.pico-sdk/sdk/1.5.1/src/rp2_common/pico_runtime/runtime.c.obj
 .rodata.panic.str1.4
                0x100058c1       0x12 CMakeFiles/kernel.dir/Users/attilio/.pico-sdk/sdk/1.5.1/src/rp2_common/pico_runtime/runtime.c.obj
 *fill*         0x100058c1        0x3 
 .rodata.__func__.2
                0x100058c4        0xd CMakeFiles/kernel.dir/Users/attilio/.pico-sdk/sdk/1.5.1/src/rp2_common/pico_runtime/runtime.c.obj
 .rodata._ftoa.str1.4
                0x100058d1       0x15 CMakeFiles/kernel.dir/Users/attilio/.pico-sdk/sdk/1.5.1/src/rp2_common/pico_printf/printf.c.obj
 *fill*         0x100058d1        0x3 
 .rodata._vsnprintf
                0x100058d4      0x19c CMakeFiles/kernel.dir/Users/attilio/.pico-sdk/sdk/1.5.1/src/rp2_common/pico_printf/printf.c.obj
 .rodata.pow10.0
                0x10005a70       0x50 CMakeFiles/kernel.dir/Users/attilio/.pico-sdk/sdk/1.5.1/src/rp2_common/pico_printf/printf.c.obj
 .rodata.__aeabi_double_init.str1.4
                0x10005ac0       0xa4 CMakeFiles/kernel.dir/Users/attilio/.pico-sdk/sdk/1.5.1/src/rp2_common/pico_double/double_init_rom.c.obj
 .rodata.__func__.0
                0x10005ac0       0x14 CMakeFiles/kernel.dir/Users/attilio/.pico-sdk/sdk/1.5.1/src/rp2_common/pico_double/double_init_rom.c.obj
 .rodata.__aeabi_float_init.str1.4
                0x10005ad4       0x86 CMakeFiles/kernel.dir/Users/attilio/.pico-sdk/sdk/1.5.1/src/rp2_common/pico_float/float_init_rom.c.obj
 .rodata.__func__.0
                0x10005ad4       0x13 CMakeFiles/kernel.dir/Users/attilio/.pico-sdk/sdk/1.5.1/src/rp2_common/pico_float/float_init_rom.c.obj
 .rodata.str1.4
                0x10005ae7       0x3c CMakeFiles/kernel.dir/Users/attilio/.pico-sdk/sdk/1.5.1/src/rp2_common/pico_standard_link/binary_info.c.obj
 *fill*         0x10005ae7        0x1 
 .rodata.__bi_81
                0x10005ae8        0xc CMakeFiles/kernel.dir/Users/attilio/.pico-sdk/sdk/1.5.1/src/rp2_common/pico_standard_link/binary_info.c.obj
 .rodata.__bi_75
                0x10005af4        0xc CMakeFiles/kernel.dir/Users/attilio/.pico-sdk/sdk/1.5.1/src/rp2_common/pico_standard_link/binary_info.c.obj
 .rodata.__bi_44
                0x10005b00        0xc CMakeFiles/kernel.dir/Users/attilio/.pico-sdk/sdk/1.5.1/src/rp2_common/pico_standard_link/binary_info.c.obj
 .rodata.update_us_since_boot.str1.4
                0x10005b0c       0x69 CMakeFiles/kernel.dir/Users/attilio/.pico-sdk/sdk/1.5.1/src/rp2_common/pico_stdio/stdio.c.obj
 .rodata.crlf_str.2
                0x10005b0c        0x2 CMakeFiles/kernel.dir/Users/attilio/.pico-sdk/sdk/1.5.1/src/rp2_common/pico_stdio/stdio.c.obj
 *fill*         0x10005b0e        0x2 
 .rodata.__func__.3
                0x10005b10       0x15 CMakeFiles/kernel.dir/Users/attilio/.pico-sdk/sdk/1.5.1/src/rp2_common/pico_stdio/stdio.c.obj
 .rodata.str1.4
                0x10005b25       0x2c CMakeFiles/kernel.dir/Users/attilio/.pico-sdk/sdk/1.5.1/src/rp2_common/pico_stdio_uart/stdio_uart.c.obj
 *fill*         0x10005b25        0x3 
 .rodata.__bi_33.4
                0x10005b28        0xc CMakeFiles/kernel.dir/Users/attilio/.pico-sdk/sdk/1.5.1/src/rp2_common/pico_stdio_uart/stdio_uart.c.obj
 .rodata.__bi_34.5
                0x10005b34        0x8 CMakeFiles/kernel.dir/Users/attilio/.pico-sdk/sdk/1.5.1/src/rp2_common/pico_stdio_uart/stdio_uart.c.obj
                0x10005b3c                        . = ALIGN (0x4)
 *(SORT_BY_ALIGNMENT(SORT_BY_NAME(.flashdata*)))
                0x10005b3c                        . = ALIGN (0x4)

.ARM.extab
 *(.ARM.extab* .gnu.linkonce.armextab.*)
                0x10005b3c                        __exidx_start = .

.ARM.exidx
 *(.ARM.exidx* .gnu.linkonce.armexidx.*)
                0x10005b3c                        __exidx_end = .
                0x10005b3c                        . = ALIGN (0x4)
                0x10005b3c                        __binary_info_start = .

.binary_info    0x10005b3c       0x24
 *(.binary_info.keep.*)
 .binary_info.keep.__bi_ptr81
                0x10005b3c        0x4 CMakeFiles/kernel.dir/Users/attilio/.pico-sdk/sdk/1.5.1/src/rp2_common/pico_standard_link/binary_info.c.obj
 .binary_info.keep.__bi_ptr75
                0x10005b40        0x4 CMakeFiles/kernel.dir/Users/attilio/.pico-sdk/sdk/1.5.1/src/rp2_common/pico_standard_link/binary_info.c.obj
 .binary_info.keep.__bi_ptr50
                0x10005b44        0x4 CMakeFiles/kernel.dir/Users/attilio/.pico-sdk/sdk/1.5.1/src/rp2_common/pico_standard_link/binary_info.c.obj
 .binary_info.keep.__bi_ptr44
                0x10005b48        0x4 CMakeFiles/kernel.dir/Users/attilio/.pico-sdk/sdk/1.5.1/src/rp2_common/pico_standard_link/binary_info.c.obj
 .binary_info.keep.__bi_ptr38
                0x10005b4c        0x4 CMakeFiles/kernel.dir/Users/attilio/.pico-sdk/sdk/1.5.1/src/rp2_common/pico_standard_link/binary_info.c.obj
 .binary_info.keep.__bi_ptr30
                0x10005b50        0x4 CMakeFiles/kernel.dir/Users/attilio/.pico-sdk/sdk/1.5.1/src/rp2_common/pico_standard_link/binary_info.c.obj
 .binary_info.keep.__bi_ptr22
                0x10005b54        0x4 CMakeFiles/kernel.dir/Users/attilio/.pico-sdk/sdk/1.5.1/src/rp2_common/pico_standard_link/binary_info.c.obj
 *(.binary_info.*)
 .binary_info.__bi_ptr34
                0x10005b58        0x4 CMakeFiles/kernel.dir/Users/attilio/.pico-sdk/sdk/1.5.1/src/rp2_common/pico_stdio_uart/stdio_uart.c.obj
 .binary_info.__bi_ptr33
                0x10005b5c        0x4 CMakeFiles/kernel.dir/Users/attilio/.pico-sdk/sdk/1.5.1/src/rp2_common/pico_stdio_uart/stdio_uart.c.obj
                0x10005b60                        __binary_info_end = .

.rel.dyn        0x10005b60        0x0
 .rel.iplt      0x10005b60        0x0 /Users/attilio/.pico-sdk/toolchain/13_2_Rel1/bin/../lib/gcc/arm-none-eabi/13.2.1/thumb/v6-m/nofp/crtbegin.o
                0x10005b60                        . = ALIGN (0x4)

.ram_vector_table
                0x20000000       0xc0
 *(.ram_vector_table)
 .ram_vector_table
                0x20000000       0xc0 CMakeFiles/kernel.dir/Users/attilio/.pico-sdk/sdk/1.5.1/src/rp2_common/pico_runtime/runtime.c.obj
                0x20000000                ram_vector_table

.data           0x200000c0      0x244 load address 0x10005b60
                0x200000c0                        __data_start__ = .
 *(vtable)
 *(.time_critical*)
 .time_critical.mutex_try_enter
                0x200000c0       0x46 CMakeFiles/kernel.dir/Users/attilio/.pico-sdk/sdk/1.5.1/src/common/pico_sync/mutex.c.obj
                0x200000c0                mutex_try_enter
 *fill*         0x20000106        0x2 
 .time_critical.mutex_enter_block_until
                0x20000108       0x8c CMakeFiles/kernel.dir/Users/attilio/.pico-sdk/sdk/1.5.1/src/common/pico_sync/mutex.c.obj
                0x20000108                mutex_enter_block_until
 .time_critical.mutex_try_enter_block_until
                0x20000194       0x34 CMakeFiles/kernel.dir/Users/attilio/.pico-sdk/sdk/1.5.1/src/common/pico_sync/mutex.c.obj
                0x20000194                mutex_try_enter_block_until
 .time_critical.mutex_exit
                0x200001c8       0x4c CMakeFiles/kernel.dir/Users/attilio/.pico-sdk/sdk/1.5.1/src/common/pico_sync/mutex.c.obj
                0x200001c8                mutex_exit
 *(.text*)
 .text          0x20000214        0x4 /Users/attilio/.pico-sdk/toolchain/13_2_Rel1/bin/../lib/gcc/arm-none-eabi/13.2.1/thumb/v6-m/nofp/libgcc.a(_dvmd_tls.o)
                0x20000214                __aeabi_ldiv0
                0x20000214                __aeabi_idiv0
 .text.__stub   0x20000218       0x20 linker stubs
                0x20000238                        . = ALIGN (0x4)
 *(.rodata*)
                0x20000238                        . = ALIGN (0x4)
 *(.data*)
 .data.striped_spin_lock_num
                0x20000238        0x1 CMakeFiles/kernel.dir/Users/attilio/.pico-sdk/sdk/1.5.1/src/rp2_common/hardware_sync/sync.c.obj
 *fill*         0x20000239        0x3 
 .data          0x2000023c       0x48 CMakeFiles/kernel.dir/Users/attilio/.pico-sdk/sdk/1.5.1/src/rp2_common/hardware_irq/irq_handler_chain.S.obj
                0x2000023c                irq_handler_chain_slots
                0x2000026c                irq_handler_chain_first_slot
                0x20000276                irq_handler_chain_remove_tail
 .data.default_alarm_pool
                0x20000284       0x18 CMakeFiles/kernel.dir/Users/attilio/.pico-sdk/sdk/1.5.1/src/common/pico_time/time.c.obj
 .data.default_alarm_pool_heap
                0x2000029c       0x10 CMakeFiles/kernel.dir/Users/attilio/.pico-sdk/sdk/1.5.1/src/common/pico_time/time.c.obj
 *fill*         0x200002ac        0x4 
 .data.aeabi_bits_funcs
                0x200002b0       0x10 CMakeFiles/kernel.dir/Users/attilio/.pico-sdk/sdk/1.5.1/src/rp2_common/pico_bit_ops/bit_ops_aeabi.S.obj
                0x200002b0                aeabi_bits_funcs
                0x200002c0                aeabi_bits_funcs_end
 .data.aeabi_mem_funcs
                0x200002c0       0x10 CMakeFiles/kernel.dir/Users/attilio/.pico-sdk/sdk/1.5.1/src/rp2_common/pico_mem_ops/mem_ops_aeabi.S.obj
                0x200002c0                aeabi_mem_funcs
                0x200002d0                aeabi_mem_funcs_end
 .data.stdio_uart
                0x200002d0       0x18 CMakeFiles/kernel.dir/Users/attilio/.pico-sdk/sdk/1.5.1/src/rp2_common/pico_stdio_uart/stdio_uart.c.obj
                0x200002d0                stdio_uart
                0x200002e8                        . = ALIGN (0x4)
 *(.after_data.*)
                0x200002e8                        . = ALIGN (0x4)
                0x200002e8                        PROVIDE (__mutex_array_start = .)
 *(SORT_BY_NAME(.mutex_array.*))
 *(.mutex_array)
 .mutex_array   0x200002e8        0x8 CMakeFiles/kernel.dir/Users/attilio/.pico-sdk/sdk/1.5.1/src/rp2_common/pico_stdio/stdio.c.obj
                0x200002f0                        PROVIDE (__mutex_array_end = .)
                0x200002f0                        . = ALIGN (0x4)
                0x200002f0                        PROVIDE (__preinit_array_start = .)
 *(SORT_BY_NAME(.preinit_array.*))
 .preinit_array.00001
                0x200002f0        0x4 CMakeFiles/kernel.dir/Users/attilio/.pico-sdk/sdk/1.5.1/src/rp2_common/pico_mem_ops/mem_ops_aeabi.S.obj
 .preinit_array.00010
                0x200002f4        0x4 CMakeFiles/kernel.dir/Users/attilio/.pico-sdk/sdk/1.5.1/src/rp2_common/pico_bit_ops/bit_ops_aeabi.S.obj
 .preinit_array.00020
                0x200002f8        0x4 CMakeFiles/kernel.dir/Users/attilio/.pico-sdk/sdk/1.5.1/src/rp2_common/pico_double/double_aeabi.S.obj
 .preinit_array.00020
                0x200002fc        0x4 CMakeFiles/kernel.dir/Users/attilio/.pico-sdk/sdk/1.5.1/src/rp2_common/pico_float/float_aeabi.S.obj
 *(.preinit_array)
                0x20000300                        PROVIDE (__preinit_array_end = .)
                0x20000300                        . = ALIGN (0x4)
                0x20000300                        PROVIDE (__init_array_start = .)
 *(SORT_BY_NAME(.init_array.*))
 *(.init_array)
 .init_array    0x20000300        0x4 /Users/attilio/.pico-sdk/toolchain/13_2_Rel1/bin/../lib/gcc/arm-none-eabi/13.2.1/thumb/v6-m/nofp/crtbegin.o
                0x20000304                        PROVIDE (__init_array_end = .)
                0x20000304                        . = ALIGN (0x4)
                [!provide]                        PROVIDE (__fini_array_start = .)
 *(SORT_BY_NAME(.fini_array.*))
 *(.fini_array)
                [!provide]                        PROVIDE (__fini_array_end = .)
 *(.jcr)
                0x20000304                        . = ALIGN (0x4)
                0x20000304                        __data_end__ = .
                0x10005b60                        __etext = LOADADDR (.data)

.tm_clone_table
                0x20000304        0x0 load address 0x10005da4
 .tm_clone_table
                0x20000304        0x0 /Users/attilio/.pico-sdk/toolchain/13_2_Rel1/bin/../lib/gcc/arm-none-eabi/13.2.1/thumb/v6-m/nofp/crtbegin.o
 .tm_clone_table
                0x20000304        0x0 /Users/attilio/.pico-sdk/toolchain/13_2_Rel1/bin/../lib/gcc/arm-none-eabi/13.2.1/thumb/v6-m/nofp/crtend.o

.igot.plt       0x20000304        0x0 load address 0x10005da4
 .igot.plt      0x20000304        0x0 /Users/attilio/.pico-sdk/toolchain/13_2_Rel1/bin/../lib/gcc/arm-none-eabi/13.2.1/thumb/v6-m/nofp/crtbegin.o

.uninitialized_data
                0x20000304        0x0 load address 0x10005da4
                0x20000304                        . = ALIGN (0x4)
 *(.uninitialized_data*)

.scratch_x      0x20040000        0x0 load address 0x10005da4
                0x20040000                        __scratch_x_start__ = .
 *(.scratch_x.*)
                0x20040000                        . = ALIGN (0x4)
                0x20040000                        __scratch_x_end__ = .
                0x10005da4                        __scratch_x_source__ = LOADADDR (.scratch_x)

.scratch_y      0x20041000        0x0 load address 0x10005da4
                0x20041000                        __scratch_y_start__ = .
 *(.scratch_y.*)
                0x20041000                        . = ALIGN (0x4)
                0x20041000                        __scratch_y_end__ = .
                0x10005da4                        __scratch_y_source__ = LOADADDR (.scratch_y)

.bss            0x20000308     0xb4f4
                0x20000308                        . = ALIGN (0x4)
                0x20000308                        __bss_start__ = .
 *(SORT_BY_ALIGNMENT(SORT_BY_NAME(.bss*)))
 .bss.default_alarm_pool_entries
                0x20000308      0x100 CMakeFiles/kernel.dir/Users/attilio/.pico-sdk/sdk/1.5.1/src/common/pico_time/time.c.obj
 .bss.alarm_callbacks
                0x20000408       0x10 CMakeFiles/kernel.dir/Users/attilio/.pico-sdk/sdk/1.5.1/src/rp2_common/hardware_timer/timer.c.obj
 .bss.chars_available_callback
                0x20000418        0x4 CMakeFiles/kernel.dir/Users/attilio/.pico-sdk/sdk/1.5.1/src/rp2_common/pico_stdio_uart/stdio_uart.c.obj
 .bss.chars_available_param
                0x2000041c        0x4 CMakeFiles/kernel.dir/Users/attilio/.pico-sdk/sdk/1.5.1/src/rp2_common/pico_stdio_uart/stdio_uart.c.obj
 .bss.configured_freq
                0x20000420       0x28 CMakeFiles/kernel.dir/Users/attilio/.pico-sdk/sdk/1.5.1/src/rp2_common/hardware_clocks/clocks.c.obj
 .bss.default_alarm_pool_entry_ids_high
                0x20000448       0x10 CMakeFiles/kernel.dir/Users/attilio/.pico-sdk/sdk/1.5.1/src/common/pico_time/time.c.obj
 .bss.default_alarm_pool_heap_nodes
                0x20000458       0x30 CMakeFiles/kernel.dir/Users/attilio/.pico-sdk/sdk/1.5.1/src/common/pico_time/time.c.obj
 .bss.drivers   0x20000488        0x4 CMakeFiles/kernel.dir/Users/attilio/.pico-sdk/sdk/1.5.1/src/rp2_common/pico_stdio/stdio.c.obj
 .bss.filter    0x2000048c        0x4 CMakeFiles/kernel.dir/Users/attilio/.pico-sdk/sdk/1.5.1/src/rp2_common/pico_stdio/stdio.c.obj
 .bss.object.0  0x20000490       0x18 /Users/attilio/.pico-sdk/toolchain/13_2_Rel1/bin/../lib/gcc/arm-none-eabi/13.2.1/thumb/v6-m/nofp/crtbegin.o
 .bss.pools     0x200004a8       0x10 CMakeFiles/kernel.dir/Users/attilio/.pico-sdk/sdk/1.5.1/src/common/pico_time/time.c.obj
 .bss.scheduler
                0x200004b8     0xb114 CMakeFiles/kernel.dir/scheduler.c.obj
                0x200004b8                scheduler
 .bss.sd_table  0x2000b5cc      0x100 CMakeFiles/kernel.dir/Users/attilio/.pico-sdk/sdk/1.5.1/src/rp2_common/pico_double/double_init_rom.c.obj
                0x2000b5cc                sd_table
 .bss.sf_clz_func
                0x2000b6cc        0x4 CMakeFiles/kernel.dir/Users/attilio/.pico-sdk/sdk/1.5.1/src/rp2_common/pico_double/double_init_rom.c.obj
                0x2000b6cc                sf_clz_func
 .bss.sf_table  0x2000b6d0      0x100 CMakeFiles/kernel.dir/Users/attilio/.pico-sdk/sdk/1.5.1/src/rp2_common/pico_float/float_init_rom.c.obj
                0x2000b6d0                sf_table
 .bss.sleep_notifier
                0x2000b7d0        0x4 CMakeFiles/kernel.dir/Users/attilio/.pico-sdk/sdk/1.5.1/src/common/pico_time/time.c.obj
 .bss.target_hi
                0x2000b7d4       0x10 CMakeFiles/kernel.dir/Users/attilio/.pico-sdk/sdk/1.5.1/src/rp2_common/hardware_timer/timer.c.obj
 .bss.task1_val
                0x2000b7e4        0x4 CMakeFiles/kernel.dir/kernel.c.obj
                0x2000b7e4                task1_val
 .bss.task2_val
                0x2000b7e8        0x4 CMakeFiles/kernel.dir/kernel.c.obj
                0x2000b7e8                task2_val
 .bss.tick      0x2000b7ec        0x4 CMakeFiles/kernel.dir/scheduler.c.obj
                0x2000b7ec                tick
 .bss.uart_char_to_line_feed
                0x2000b7f0        0x4 CMakeFiles/kernel.dir/Users/attilio/.pico-sdk/sdk/1.5.1/src/rp2_common/hardware_uart/uart.c.obj
                0x2000b7f0                uart_char_to_line_feed
 .bss.uart_instance
                0x2000b7f4        0x4 CMakeFiles/kernel.dir/Users/attilio/.pico-sdk/sdk/1.5.1/src/rp2_common/pico_stdio_uart/stdio_uart.c.obj
 .bss.claimed   0x2000b7f8        0x1 CMakeFiles/kernel.dir/Users/attilio/.pico-sdk/sdk/1.5.1/src/rp2_common/hardware_timer/timer.c.obj
 .bss.irq_hander_chain_free_slot_head
                0x2000b7f9        0x1 CMakeFiles/kernel.dir/Users/attilio/.pico-sdk/sdk/1.5.1/src/rp2_common/hardware_irq/irq.c.obj
 .bss.timer_callbacks_pending
                0x2000b7fa        0x1 CMakeFiles/kernel.dir/Users/attilio/.pico-sdk/sdk/1.5.1/src/rp2_common/hardware_timer/timer.c.obj
 *(COMMON)
                0x2000b7fc                        . = ALIGN (0x4)
 *fill*         0x2000b7fb        0x1 
                0x2000b7fc                        __bss_end__ = .

.heap           0x2000b7fc      0x800
                0x2000b7fc                        __end__ = .
                0x2000b7fc                        end = __end__
 *(.heap*)
 .heap          0x2000b7fc      0x800 CMakeFiles/kernel.dir/Users/attilio/.pico-sdk/sdk/1.5.1/src/rp2_common/pico_standard_link/crt0.S.obj
                0x2000bffc                        __HeapLimit = .

.stack1_dummy
 *(.stack1*)

.stack_dummy    0x20041000      0x800
 *(.stack*)
 .stack         0x20041000      0x800 CMakeFiles/kernel.dir/Users/attilio/.pico-sdk/sdk/1.5.1/src/rp2_common/pico_standard_link/crt0.S.obj

.flash_end      0x10005da4        0x0
                0x10005da4                        PROVIDE (__flash_binary_end = .)
                0x20040000                        __StackLimit = (ORIGIN (RAM) + LENGTH (RAM))
                0x20041000                        __StackOneTop = (ORIGIN (SCRATCH_X) + LENGTH (SCRATCH_X))
                0x20042000                        __StackTop = (ORIGIN (SCRATCH_Y) + LENGTH (SCRATCH_Y))
                0x20041000                        __StackOneBottom = (__StackOneTop - SIZEOF (.stack1_dummy))
                0x20041800                        __StackBottom = (__StackTop - SIZEOF (.stack_dummy))
                0x20042000                        PROVIDE (__stack = __StackTop)
                0x00000001                        ASSERT ((__StackLimit >= __HeapLimit), region RAM overflowed)
                0x00000001                        ASSERT (((__binary_info_header_end - __logical_binary_start) <= 0x100), Binary info must be in first 256 bytes of the binary)
LOAD CMakeFiles/kernel.dir/assembly.s.obj
LOAD CMakeFiles/kernel.dir/kernel.c.obj
LOAD CMakeFiles/kernel.dir/task.c.obj
LOAD CMakeFiles/kernel.dir/scheduler.c.obj
LOAD CMakeFiles/kernel.dir/process.c.obj
LOAD CMakeFiles/kernel.dir/Users/attilio/.pico-sdk/sdk/1.5.1/src/rp2_common/pico_stdlib/stdlib.c.obj
LOAD CMakeFiles/kernel.dir/Users/attilio/.pico-sdk/sdk/1.5.1/src/rp2_common/hardware_gpio/gpio.c.obj
LOAD CMakeFiles/kernel.dir/Users/attilio/.pico-sdk/sdk/1.5.1/src/rp2_common/pico_platform/platform.c.obj
LOAD CMakeFiles/kernel.dir/Users/attilio/.pico-sdk/sdk/1.5.1/src/rp2_common/hardware_claim/claim.c.obj
LOAD CMakeFiles/kernel.dir/Users/attilio/.pico-sdk/sdk/1.5.1/src/rp2_common/hardware_sync/sync.c.obj
LOAD CMakeFiles/kernel.dir/Users/attilio/.pico-sdk/sdk/1.5.1/src/rp2_common/hardware_irq/irq.c.obj
LOAD CMakeFiles/kernel.dir/Users/attilio/.pico-sdk/sdk/1.5.1/src/rp2_common/hardware_irq/irq_handler_chain.S.obj
LOAD CMakeFiles/kernel.dir/Users/attilio/.pico-sdk/sdk/1.5.1/src/common/pico_sync/sem.c.obj
LOAD CMakeFiles/kernel.dir/Users/attilio/.pico-sdk/sdk/1.5.1/src/common/pico_sync/lock_core.c.obj
LOAD CMakeFiles/kernel.dir/Users/attilio/.pico-sdk/sdk/1.5.1/src/common/pico_sync/mutex.c.obj
LOAD CMakeFiles/kernel.dir/Users/attilio/.pico-sdk/sdk/1.5.1/src/common/pico_sync/critical_section.c.obj
LOAD CMakeFiles/kernel.dir/Users/attilio/.pico-sdk/sdk/1.5.1/src/common/pico_time/time.c.obj
LOAD CMakeFiles/kernel.dir/Users/attilio/.pico-sdk/sdk/1.5.1/src/common/pico_time/timeout_helper.c.obj
LOAD CMakeFiles/kernel.dir/Users/attilio/.pico-sdk/sdk/1.5.1/src/rp2_common/hardware_timer/timer.c.obj
LOAD CMakeFiles/kernel.dir/Users/attilio/.pico-sdk/sdk/1.5.1/src/common/pico_util/datetime.c.obj
LOAD CMakeFiles/kernel.dir/Users/attilio/.pico-sdk/sdk/1.5.1/src/common/pico_util/pheap.c.obj
LOAD CMakeFiles/kernel.dir/Users/attilio/.pico-sdk/sdk/1.5.1/src/common/pico_util/queue.c.obj
LOAD CMakeFiles/kernel.dir/Users/attilio/.pico-sdk/sdk/1.5.1/src/rp2_common/hardware_uart/uart.c.obj
LOAD CMakeFiles/kernel.dir/Users/attilio/.pico-sdk/sdk/1.5.1/src/rp2_common/hardware_clocks/clocks.c.obj
LOAD CMakeFiles/kernel.dir/Users/attilio/.pico-sdk/sdk/1.5.1/src/rp2_common/hardware_pll/pll.c.obj
LOAD CMakeFiles/kernel.dir/Users/attilio/.pico-sdk/sdk/1.5.1/src/rp2_common/hardware_vreg/vreg.c.obj
LOAD CMakeFiles/kernel.dir/Users/attilio/.pico-sdk/sdk/1.5.1/src/rp2_common/hardware_watchdog/watchdog.c.obj
LOAD CMakeFiles/kernel.dir/Users/attilio/.pico-sdk/sdk/1.5.1/src/rp2_common/hardware_xosc/xosc.c.obj
LOAD CMakeFiles/kernel.dir/Users/attilio/.pico-sdk/sdk/1.5.1/src/rp2_common/hardware_divider/divider.S.obj
LOAD CMakeFiles/kernel.dir/Users/attilio/.pico-sdk/sdk/1.5.1/src/rp2_common/pico_runtime/runtime.c.obj
LOAD CMakeFiles/kernel.dir/Users/attilio/.pico-sdk/sdk/1.5.1/src/rp2_common/pico_printf/printf.c.obj
LOAD CMakeFiles/kernel.dir/Users/attilio/.pico-sdk/sdk/1.5.1/src/rp2_common/pico_bit_ops/bit_ops_aeabi.S.obj
LOAD CMakeFiles/kernel.dir/Users/attilio/.pico-sdk/sdk/1.5.1/src/rp2_common/pico_bootrom/bootrom.c.obj
LOAD CMakeFiles/kernel.dir/Users/attilio/.pico-sdk/sdk/1.5.1/src/rp2_common/pico_divider/divider.S.obj
LOAD CMakeFiles/kernel.dir/Users/attilio/.pico-sdk/sdk/1.5.1/src/rp2_common/pico_double/double_aeabi.S.obj
LOAD CMakeFiles/kernel.dir/Users/attilio/.pico-sdk/sdk/1.5.1/src/rp2_common/pico_double/double_init_rom.c.obj
LOAD CMakeFiles/kernel.dir/Users/attilio/.pico-sdk/sdk/1.5.1/src/rp2_common/pico_double/double_math.c.obj
LOAD CMakeFiles/kernel.dir/Users/attilio/.pico-sdk/sdk/1.5.1/src/rp2_common/pico_double/double_v1_rom_shim.S.obj
LOAD CMakeFiles/kernel.dir/Users/attilio/.pico-sdk/sdk/1.5.1/src/rp2_common/pico_int64_ops/pico_int64_ops_aeabi.S.obj
LOAD CMakeFiles/kernel.dir/Users/attilio/.pico-sdk/sdk/1.5.1/src/rp2_common/pico_float/float_aeabi.S.obj
LOAD CMakeFiles/kernel.dir/Users/attilio/.pico-sdk/sdk/1.5.1/src/rp2_common/pico_float/float_init_rom.c.obj
LOAD CMakeFiles/kernel.dir/Users/attilio/.pico-sdk/sdk/1.5.1/src/rp2_common/pico_float/float_math.c.obj
LOAD CMakeFiles/kernel.dir/Users/attilio/.pico-sdk/sdk/1.5.1/src/rp2_common/pico_float/float_v1_rom_shim.S.obj
LOAD CMakeFiles/kernel.dir/Users/attilio/.pico-sdk/sdk/1.5.1/src/rp2_common/pico_malloc/pico_malloc.c.obj
LOAD CMakeFiles/kernel.dir/Users/attilio/.pico-sdk/sdk/1.5.1/src/rp2_common/pico_mem_ops/mem_ops_aeabi.S.obj
LOAD CMakeFiles/kernel.dir/Users/attilio/.pico-sdk/sdk/1.5.1/src/rp2_common/pico_standard_link/crt0.S.obj
LOAD CMakeFiles/kernel.dir/Users/attilio/.pico-sdk/sdk/1.5.1/src/rp2_common/pico_standard_link/new_delete.cpp.obj
LOAD CMakeFiles/kernel.dir/Users/attilio/.pico-sdk/sdk/1.5.1/src/rp2_common/pico_standard_link/binary_info.c.obj
LOAD CMakeFiles/kernel.dir/Users/attilio/.pico-sdk/sdk/1.5.1/src/rp2_common/pico_stdio/stdio.c.obj
LOAD CMakeFiles/kernel.dir/Users/attilio/.pico-sdk/sdk/1.5.1/src/rp2_common/pico_stdio_uart/stdio_uart.c.obj
LOAD /var/folders/wp/brddfq2d1sg_blc0_vr5g4z80000gn/T//ccn0JUuR.o
LOAD /Users/attilio/.pico-sdk/toolchain/13_2_Rel1/bin/../lib/gcc/arm-none-eabi/13.2.1/../../../../arm-none-eabi/lib/thumb/v6-m/nofp/libstdc++.a
LOAD /Users/attilio/.pico-sdk/toolchain/13_2_Rel1/bin/../lib/gcc/arm-none-eabi/13.2.1/../../../../arm-none-eabi/lib/thumb/v6-m/nofp/libm.a
START GROUP
LOAD /Users/attilio/.pico-sdk/toolchain/13_2_Rel1/bin/../lib/gcc/arm-none-eabi/13.2.1/thumb/v6-m/nofp/libgcc.a
LOAD /Users/attilio/.pico-sdk/toolchain/13_2_Rel1/bin/../lib/gcc/arm-none-eabi/13.2.1/../../../../arm-none-eabi/lib/thumb/v6-m/nofp/libg.a
LOAD /Users/attilio/.pico-sdk/toolchain/13_2_Rel1/bin/../lib/gcc/arm-none-eabi/13.2.1/../../../../arm-none-eabi/lib/thumb/v6-m/nofp/libc.a
END GROUP
START GROUP
LOAD /Users/attilio/.pico-sdk/toolchain/13_2_Rel1/bin/../lib/gcc/arm-none-eabi/13.2.1/thumb/v6-m/nofp/libgcc.a
LOAD /Users/attilio/.pico-sdk/toolchain/13_2_Rel1/bin/../lib/gcc/arm-none-eabi/13.2.1/../../../../arm-none-eabi/lib/thumb/v6-m/nofp/libc.a
LOAD /Users/attilio/.pico-sdk/toolchain/13_2_Rel1/bin/../lib/gcc/arm-none-eabi/13.2.1/../../../../arm-none-eabi/lib/thumb/v6-m/nofp/libnosys.a
END GROUP
LOAD /Users/attilio/.pico-sdk/toolchain/13_2_Rel1/bin/../lib/gcc/arm-none-eabi/13.2.1/thumb/v6-m/nofp/crtend.o
LOAD /Users/attilio/.pico-sdk/toolchain/13_2_Rel1/bin/../lib/gcc/arm-none-eabi/13.2.1/thumb/v6-m/nofp/crtn.o
OUTPUT(kernel.elf elf32-littlearm)
LOAD linker stubs

.ARM.attributes
                0x00000000       0x28
 .ARM.attributes
                0x00000000       0x1e /Users/attilio/.pico-sdk/toolchain/13_2_Rel1/bin/../lib/gcc/arm-none-eabi/13.2.1/thumb/v6-m/nofp/crti.o
 .ARM.attributes
                0x0000001e       0x2c /Users/attilio/.pico-sdk/toolchain/13_2_Rel1/bin/../lib/gcc/arm-none-eabi/13.2.1/thumb/v6-m/nofp/crtbegin.o
 .ARM.attributes
                0x0000004a       0x21 CMakeFiles/kernel.dir/assembly.s.obj
 .ARM.attributes
                0x0000006b       0x2c CMakeFiles/kernel.dir/kernel.c.obj
 .ARM.attributes
                0x00000097       0x2c CMakeFiles/kernel.dir/scheduler.c.obj
 .ARM.attributes
                0x000000c3       0x2c CMakeFiles/kernel.dir/Users/attilio/.pico-sdk/sdk/1.5.1/src/rp2_common/hardware_gpio/gpio.c.obj
 .ARM.attributes
                0x000000ef       0x2c CMakeFiles/kernel.dir/Users/attilio/.pico-sdk/sdk/1.5.1/src/rp2_common/pico_platform/platform.c.obj
 .ARM.attributes
                0x0000011b       0x2c CMakeFiles/kernel.dir/Users/attilio/.pico-sdk/sdk/1.5.1/src/rp2_common/hardware_claim/claim.c.obj
 .ARM.attributes
                0x00000147       0x2c CMakeFiles/kernel.dir/Users/attilio/.pico-sdk/sdk/1.5.1/src/rp2_common/hardware_sync/sync.c.obj
 .ARM.attributes
                0x00000173       0x2c CMakeFiles/kernel.dir/Users/attilio/.pico-sdk/sdk/1.5.1/src/rp2_common/hardware_irq/irq.c.obj
 .ARM.attributes
                0x0000019f       0x22 CMakeFiles/kernel.dir/Users/attilio/.pico-sdk/sdk/1.5.1/src/rp2_common/hardware_irq/irq_handler_chain.S.obj
 .ARM.attributes
                0x000001c1       0x2c CMakeFiles/kernel.dir/Users/attilio/.pico-sdk/sdk/1.5.1/src/common/pico_sync/lock_core.c.obj
 .ARM.attributes
                0x000001ed       0x2c CMakeFiles/kernel.dir/Users/attilio/.pico-sdk/sdk/1.5.1/src/common/pico_sync/mutex.c.obj
 .ARM.attributes
                0x00000219       0x2c CMakeFiles/kernel.dir/Users/attilio/.pico-sdk/sdk/1.5.1/src/common/pico_time/time.c.obj
 .ARM.attributes
                0x00000245       0x2c CMakeFiles/kernel.dir/Users/attilio/.pico-sdk/sdk/1.5.1/src/rp2_common/hardware_timer/timer.c.obj
 .ARM.attributes
                0x00000271       0x2c CMakeFiles/kernel.dir/Users/attilio/.pico-sdk/sdk/1.5.1/src/common/pico_util/pheap.c.obj
 .ARM.attributes
                0x0000029d       0x2c CMakeFiles/kernel.dir/Users/attilio/.pico-sdk/sdk/1.5.1/src/rp2_common/hardware_uart/uart.c.obj
 .ARM.attributes
                0x000002c9       0x2c CMakeFiles/kernel.dir/Users/attilio/.pico-sdk/sdk/1.5.1/src/rp2_common/hardware_clocks/clocks.c.obj
 .ARM.attributes
                0x000002f5       0x2c CMakeFiles/kernel.dir/Users/attilio/.pico-sdk/sdk/1.5.1/src/rp2_common/hardware_pll/pll.c.obj
 .ARM.attributes
                0x00000321       0x2c CMakeFiles/kernel.dir/Users/attilio/.pico-sdk/sdk/1.5.1/src/rp2_common/hardware_watchdog/watchdog.c.obj
 .ARM.attributes
                0x0000034d       0x2c CMakeFiles/kernel.dir/Users/attilio/.pico-sdk/sdk/1.5.1/src/rp2_common/hardware_xosc/xosc.c.obj
 .ARM.attributes
                0x00000379       0x2c CMakeFiles/kernel.dir/Users/attilio/.pico-sdk/sdk/1.5.1/src/rp2_common/pico_runtime/runtime.c.obj
 .ARM.attributes
                0x000003a5       0x2c CMakeFiles/kernel.dir/Users/attilio/.pico-sdk/sdk/1.5.1/src/rp2_common/pico_printf/printf.c.obj
 .ARM.attributes
                0x000003d1       0x22 CMakeFiles/kernel.dir/Users/attilio/.pico-sdk/sdk/1.5.1/src/rp2_common/pico_bit_ops/bit_ops_aeabi.S.obj
 .ARM.attributes
                0x000003f3       0x2c CMakeFiles/kernel.dir/Users/attilio/.pico-sdk/sdk/1.5.1/src/rp2_common/pico_bootrom/bootrom.c.obj
 .ARM.attributes
                0x0000041f       0x22 CMakeFiles/kernel.dir/Users/attilio/.pico-sdk/sdk/1.5.1/src/rp2_common/pico_divider/divider.S.obj
 .ARM.attributes
                0x00000441       0x22 CMakeFiles/kernel.dir/Users/attilio/.pico-sdk/sdk/1.5.1/src/rp2_common/pico_double/double_aeabi.S.obj
 .ARM.attributes
                0x00000463       0x2c CMakeFiles/kernel.dir/Users/attilio/.pico-sdk/sdk/1.5.1/src/rp2_common/pico_double/double_init_rom.c.obj
 .ARM.attributes
                0x0000048f       0x22 CMakeFiles/kernel.dir/Users/attilio/.pico-sdk/sdk/1.5.1/src/rp2_common/pico_double/double_v1_rom_shim.S.obj
 .ARM.attributes
                0x000004b1       0x22 CMakeFiles/kernel.dir/Users/attilio/.pico-sdk/sdk/1.5.1/src/rp2_common/pico_int64_ops/pico_int64_ops_aeabi.S.obj
 .ARM.attributes
                0x000004d3       0x22 CMakeFiles/kernel.dir/Users/attilio/.pico-sdk/sdk/1.5.1/src/rp2_common/pico_float/float_aeabi.S.obj
 .ARM.attributes
                0x000004f5       0x2c CMakeFiles/kernel.dir/Users/attilio/.pico-sdk/sdk/1.5.1/src/rp2_common/pico_float/float_init_rom.c.obj
 .ARM.attributes
                0x00000521       0x22 CMakeFiles/kernel.dir/Users/attilio/.pico-sdk/sdk/1.5.1/src/rp2_common/pico_float/float_v1_rom_shim.S.obj
 .ARM.attributes
                0x00000543       0x22 CMakeFiles/kernel.dir/Users/attilio/.pico-sdk/sdk/1.5.1/src/rp2_common/pico_mem_ops/mem_ops_aeabi.S.obj
 .ARM.attributes
                0x00000565       0x22 CMakeFiles/kernel.dir/Users/attilio/.pico-sdk/sdk/1.5.1/src/rp2_common/pico_standard_link/crt0.S.obj
 .ARM.attributes
                0x00000587       0x2c CMakeFiles/kernel.dir/Users/attilio/.pico-sdk/sdk/1.5.1/src/rp2_common/pico_standard_link/binary_info.c.obj
 .ARM.attributes
                0x000005b3       0x2c CMakeFiles/kernel.dir/Users/attilio/.pico-sdk/sdk/1.5.1/src/rp2_common/pico_stdio/stdio.c.obj
 .ARM.attributes
                0x000005df       0x2c CMakeFiles/kernel.dir/Users/attilio/.pico-sdk/sdk/1.5.1/src/rp2_common/pico_stdio_uart/stdio_uart.c.obj
 .ARM.attributes
                0x0000060b       0x22 /var/folders/wp/brddfq2d1sg_blc0_vr5g4z80000gn/T//ccn0JUuR.o
 .ARM.attributes
                0x0000062d       0x1e /Users/attilio/.pico-sdk/toolchain/13_2_Rel1/bin/../lib/gcc/arm-none-eabi/13.2.1/thumb/v6-m/nofp/libgcc.a(_dvmd_tls.o)
 .ARM.attributes
                0x0000064b       0x2c /Users/attilio/.pico-sdk/toolchain/13_2_Rel1/bin/../lib/gcc/arm-none-eabi/13.2.1/../../../../arm-none-eabi/lib/thumb/v6-m/nofp/libg.a(libc_a-strlen-stub.o)
 .ARM.attributes
                0x00000677       0x2c /Users/attilio/.pico-sdk/toolchain/13_2_Rel1/bin/../lib/gcc/arm-none-eabi/13.2.1/thumb/v6-m/nofp/crtend.o

.comment        0x00000000       0x44
 .comment       0x00000000       0x44 CMakeFiles/kernel.dir/kernel.c.obj
                                 0x45 (size before relaxing)
 .comment       0x00000044       0x45 CMakeFiles/kernel.dir/scheduler.c.obj
 .comment       0x00000044       0x45 CMakeFiles/kernel.dir/Users/attilio/.pico-sdk/sdk/1.5.1/src/rp2_common/hardware_gpio/gpio.c.obj
 .comment       0x00000044       0x45 CMakeFiles/kernel.dir/Users/attilio/.pico-sdk/sdk/1.5.1/src/rp2_common/pico_platform/platform.c.obj
 .comment       0x00000044       0x45 CMakeFiles/kernel.dir/Users/attilio/.pico-sdk/sdk/1.5.1/src/rp2_common/hardware_claim/claim.c.obj
 .comment       0x00000044       0x45 CMakeFiles/kernel.dir/Users/attilio/.pico-sdk/sdk/1.5.1/src/rp2_common/hardware_sync/sync.c.obj
 .comment       0x00000044       0x45 CMakeFiles/kernel.dir/Users/attilio/.pico-sdk/sdk/1.5.1/src/rp2_common/hardware_irq/irq.c.obj
 .comment       0x00000044       0x45 CMakeFiles/kernel.dir/Users/attilio/.pico-sdk/sdk/1.5.1/src/common/pico_sync/lock_core.c.obj
 .comment       0x00000044       0x45 CMakeFiles/kernel.dir/Users/attilio/.pico-sdk/sdk/1.5.1/src/common/pico_sync/mutex.c.obj
 .comment       0x00000044       0x45 CMakeFiles/kernel.dir/Users/attilio/.pico-sdk/sdk/1.5.1/src/common/pico_time/time.c.obj
 .comment       0x00000044       0x45 CMakeFiles/kernel.dir/Users/attilio/.pico-sdk/sdk/1.5.1/src/rp2_common/hardware_timer/timer.c.obj
 .comment       0x00000044       0x45 CMakeFiles/kernel.dir/Users/attilio/.pico-sdk/sdk/1.5.1/src/common/pico_util/pheap.c.obj
 .comment       0x00000044       0x45 CMakeFiles/kernel.dir/Users/attilio/.pico-sdk/sdk/1.5.1/src/rp2_common/hardware_uart/uart.c.obj
 .comment       0x00000044       0x45 CMakeFiles/kernel.dir/Users/attilio/.pico-sdk/sdk/1.5.1/src/rp2_common/hardware_clocks/clocks.c.obj
 .comment       0x00000044       0x45 CMakeFiles/kernel.dir/Users/attilio/.pico-sdk/sdk/1.5.1/src/rp2_common/hardware_pll/pll.c.obj
 .comment       0x00000044       0x45 CMakeFiles/kernel.dir/Users/attilio/.pico-sdk/sdk/1.5.1/src/rp2_common/hardware_watchdog/watchdog.c.obj
 .comment       0x00000044       0x45 CMakeFiles/kernel.dir/Users/attilio/.pico-sdk/sdk/1.5.1/src/rp2_common/hardware_xosc/xosc.c.obj
 .comment       0x00000044       0x45 CMakeFiles/kernel.dir/Users/attilio/.pico-sdk/sdk/1.5.1/src/rp2_common/pico_runtime/runtime.c.obj
 .comment       0x00000044       0x45 CMakeFiles/kernel.dir/Users/attilio/.pico-sdk/sdk/1.5.1/src/rp2_common/pico_printf/printf.c.obj
 .comment       0x00000044       0x45 CMakeFiles/kernel.dir/Users/attilio/.pico-sdk/sdk/1.5.1/src/rp2_common/pico_bootrom/bootrom.c.obj
 .comment       0x00000044       0x45 CMakeFiles/kernel.dir/Users/attilio/.pico-sdk/sdk/1.5.1/src/rp2_common/pico_double/double_init_rom.c.obj
 .comment       0x00000044       0x45 CMakeFiles/kernel.dir/Users/attilio/.pico-sdk/sdk/1.5.1/src/rp2_common/pico_float/float_init_rom.c.obj
 .comment       0x00000044       0x45 CMakeFiles/kernel.dir/Users/attilio/.pico-sdk/sdk/1.5.1/src/rp2_common/pico_standard_link/binary_info.c.obj
 .comment       0x00000044       0x45 CMakeFiles/kernel.dir/Users/attilio/.pico-sdk/sdk/1.5.1/src/rp2_common/pico_stdio/stdio.c.obj
 .comment       0x00000044       0x45 CMakeFiles/kernel.dir/Users/attilio/.pico-sdk/sdk/1.5.1/src/rp2_common/pico_stdio_uart/stdio_uart.c.obj

.debug_line     0x00000000     0xf1ba
 .debug_line    0x00000000       0xe7 CMakeFiles/kernel.dir/assembly.s.obj
 .debug_line    0x000000e7      0x892 CMakeFiles/kernel.dir/kernel.c.obj
 .debug_line    0x00000979      0x6ec CMakeFiles/kernel.dir/scheduler.c.obj
 .debug_line    0x00001065      0xc25 CMakeFiles/kernel.dir/Users/attilio/.pico-sdk/sdk/1.5.1/src/rp2_common/hardware_gpio/gpio.c.obj
 .debug_line    0x00001c8a      0x299 CMakeFiles/kernel.dir/Users/attilio/.pico-sdk/sdk/1.5.1/src/rp2_common/pico_platform/platform.c.obj
 .debug_line    0x00001f23      0x4a0 CMakeFiles/kernel.dir/Users/attilio/.pico-sdk/sdk/1.5.1/src/rp2_common/hardware_claim/claim.c.obj
 .debug_line    0x000023c3      0x48a CMakeFiles/kernel.dir/Users/attilio/.pico-sdk/sdk/1.5.1/src/rp2_common/hardware_sync/sync.c.obj
 .debug_line    0x0000284d     0x1088 CMakeFiles/kernel.dir/Users/attilio/.pico-sdk/sdk/1.5.1/src/rp2_common/hardware_irq/irq.c.obj
 .debug_line    0x000038d5      0x24a CMakeFiles/kernel.dir/Users/attilio/.pico-sdk/sdk/1.5.1/src/common/pico_sync/lock_core.c.obj
 .debug_line    0x00003b1f     0x10fa CMakeFiles/kernel.dir/Users/attilio/.pico-sdk/sdk/1.5.1/src/common/pico_sync/mutex.c.obj
 .debug_line    0x00004c19     0x19ec CMakeFiles/kernel.dir/Users/attilio/.pico-sdk/sdk/1.5.1/src/common/pico_time/time.c.obj
 .debug_line    0x00006605      0xc2f CMakeFiles/kernel.dir/Users/attilio/.pico-sdk/sdk/1.5.1/src/rp2_common/hardware_timer/timer.c.obj
 .debug_line    0x00007234      0x82d CMakeFiles/kernel.dir/Users/attilio/.pico-sdk/sdk/1.5.1/src/common/pico_util/pheap.c.obj
 .debug_line    0x00007a61      0x893 CMakeFiles/kernel.dir/Users/attilio/.pico-sdk/sdk/1.5.1/src/rp2_common/hardware_uart/uart.c.obj
 .debug_line    0x000082f4      0xa41 CMakeFiles/kernel.dir/Users/attilio/.pico-sdk/sdk/1.5.1/src/rp2_common/hardware_clocks/clocks.c.obj
 .debug_line    0x00008d35      0x527 CMakeFiles/kernel.dir/Users/attilio/.pico-sdk/sdk/1.5.1/src/rp2_common/hardware_pll/pll.c.obj
 .debug_line    0x0000925c      0x470 CMakeFiles/kernel.dir/Users/attilio/.pico-sdk/sdk/1.5.1/src/rp2_common/hardware_watchdog/watchdog.c.obj
 .debug_line    0x000096cc      0x2b9 CMakeFiles/kernel.dir/Users/attilio/.pico-sdk/sdk/1.5.1/src/rp2_common/hardware_xosc/xosc.c.obj
 .debug_line    0x00009985      0xb30 CMakeFiles/kernel.dir/Users/attilio/.pico-sdk/sdk/1.5.1/src/rp2_common/pico_runtime/runtime.c.obj
 .debug_line    0x0000a4b5     0x12c0 CMakeFiles/kernel.dir/Users/attilio/.pico-sdk/sdk/1.5.1/src/rp2_common/pico_printf/printf.c.obj
 .debug_line    0x0000b775      0x11a CMakeFiles/kernel.dir/Users/attilio/.pico-sdk/sdk/1.5.1/src/rp2_common/pico_bit_ops/bit_ops_aeabi.S.obj
 .debug_line    0x0000b88f      0x281 CMakeFiles/kernel.dir/Users/attilio/.pico-sdk/sdk/1.5.1/src/rp2_common/pico_bootrom/bootrom.c.obj
 .debug_line    0x0000bb10      0x2a9 CMakeFiles/kernel.dir/Users/attilio/.pico-sdk/sdk/1.5.1/src/rp2_common/pico_divider/divider.S.obj
 .debug_line    0x0000bdb9      0x3fa CMakeFiles/kernel.dir/Users/attilio/.pico-sdk/sdk/1.5.1/src/rp2_common/pico_double/double_aeabi.S.obj
 .debug_line    0x0000c1b3      0x3c4 CMakeFiles/kernel.dir/Users/attilio/.pico-sdk/sdk/1.5.1/src/rp2_common/pico_double/double_init_rom.c.obj
 .debug_line    0x0000c577      0x66c CMakeFiles/kernel.dir/Users/attilio/.pico-sdk/sdk/1.5.1/src/rp2_common/pico_double/double_v1_rom_shim.S.obj
 .debug_line    0x0000cbe3       0x61 CMakeFiles/kernel.dir/Users/attilio/.pico-sdk/sdk/1.5.1/src/rp2_common/pico_int64_ops/pico_int64_ops_aeabi.S.obj
 .debug_line    0x0000cc44      0x3b2 CMakeFiles/kernel.dir/Users/attilio/.pico-sdk/sdk/1.5.1/src/rp2_common/pico_float/float_aeabi.S.obj
 .debug_line    0x0000cff6      0x3b9 CMakeFiles/kernel.dir/Users/attilio/.pico-sdk/sdk/1.5.1/src/rp2_common/pico_float/float_init_rom.c.obj
 .debug_line    0x0000d3af      0x198 CMakeFiles/kernel.dir/Users/attilio/.pico-sdk/sdk/1.5.1/src/rp2_common/pico_float/float_v1_rom_shim.S.obj
 .debug_line    0x0000d547       0x94 CMakeFiles/kernel.dir/Users/attilio/.pico-sdk/sdk/1.5.1/src/rp2_common/pico_mem_ops/mem_ops_aeabi.S.obj
 .debug_line    0x0000d5db       0xa5 CMakeFiles/kernel.dir/Users/attilio/.pico-sdk/sdk/1.5.1/src/rp2_common/pico_standard_link/crt0.S.obj
 .debug_line    0x0000d680      0x1dd CMakeFiles/kernel.dir/Users/attilio/.pico-sdk/sdk/1.5.1/src/rp2_common/pico_standard_link/binary_info.c.obj
 .debug_line    0x0000d85d      0xf00 CMakeFiles/kernel.dir/Users/attilio/.pico-sdk/sdk/1.5.1/src/rp2_common/pico_stdio/stdio.c.obj
 .debug_line    0x0000e75d      0xa5d CMakeFiles/kernel.dir/Users/attilio/.pico-sdk/sdk/1.5.1/src/rp2_common/pico_stdio_uart/stdio_uart.c.obj

.debug_line_str
                0x00000000      0x383
 .debug_line_str
                0x00000000      0x383 CMakeFiles/kernel.dir/assembly.s.obj
                                 0x65 (size before relaxing)
 .debug_line_str
                0x00000383       0x7f CMakeFiles/kernel.dir/Users/attilio/.pico-sdk/sdk/1.5.1/src/rp2_common/pico_bit_ops/bit_ops_aeabi.S.obj
 .debug_line_str
                0x00000383       0x79 CMakeFiles/kernel.dir/Users/attilio/.pico-sdk/sdk/1.5.1/src/rp2_common/pico_divider/divider.S.obj
 .debug_line_str
                0x00000383       0x7d CMakeFiles/kernel.dir/Users/attilio/.pico-sdk/sdk/1.5.1/src/rp2_common/pico_double/double_aeabi.S.obj
 .debug_line_str
                0x00000383       0x83 CMakeFiles/kernel.dir/Users/attilio/.pico-sdk/sdk/1.5.1/src/rp2_common/pico_double/double_v1_rom_shim.S.obj
 .debug_line_str
                0x00000383       0x88 CMakeFiles/kernel.dir/Users/attilio/.pico-sdk/sdk/1.5.1/src/rp2_common/pico_int64_ops/pico_int64_ops_aeabi.S.obj
 .debug_line_str
                0x00000383       0x7b CMakeFiles/kernel.dir/Users/attilio/.pico-sdk/sdk/1.5.1/src/rp2_common/pico_float/float_aeabi.S.obj
 .debug_line_str
                0x00000383       0x81 CMakeFiles/kernel.dir/Users/attilio/.pico-sdk/sdk/1.5.1/src/rp2_common/pico_float/float_v1_rom_shim.S.obj
 .debug_line_str
                0x00000383       0x7f CMakeFiles/kernel.dir/Users/attilio/.pico-sdk/sdk/1.5.1/src/rp2_common/pico_mem_ops/mem_ops_aeabi.S.obj
 .debug_line_str
                0x00000383       0x7c CMakeFiles/kernel.dir/Users/attilio/.pico-sdk/sdk/1.5.1/src/rp2_common/pico_standard_link/crt0.S.obj
 .debug_line_str
                0x00000383       0xd2 /Users/attilio/.pico-sdk/toolchain/13_2_Rel1/bin/../lib/gcc/arm-none-eabi/13.2.1/thumb/v6-m/nofp/libgcc.a(_dvmd_tls.o)

.debug_info     0x00000000    0x158e2
 .debug_info    0x00000000       0x25 CMakeFiles/kernel.dir/assembly.s.obj
 .debug_info    0x00000025     0x1119 CMakeFiles/kernel.dir/kernel.c.obj
 .debug_info    0x0000113e      0x79d CMakeFiles/kernel.dir/scheduler.c.obj
 .debug_info    0x000018db     0x184b CMakeFiles/kernel.dir/Users/attilio/.pico-sdk/sdk/1.5.1/src/rp2_common/hardware_gpio/gpio.c.obj
 .debug_info    0x00003126      0x1fb CMakeFiles/kernel.dir/Users/attilio/.pico-sdk/sdk/1.5.1/src/rp2_common/pico_platform/platform.c.obj
 .debug_info    0x00003321      0x69a CMakeFiles/kernel.dir/Users/attilio/.pico-sdk/sdk/1.5.1/src/rp2_common/hardware_claim/claim.c.obj
 .debug_info    0x000039bb      0x5fa CMakeFiles/kernel.dir/Users/attilio/.pico-sdk/sdk/1.5.1/src/rp2_common/hardware_sync/sync.c.obj
 .debug_info    0x00003fb5     0x1c43 CMakeFiles/kernel.dir/Users/attilio/.pico-sdk/sdk/1.5.1/src/rp2_common/hardware_irq/irq.c.obj
 .debug_info    0x00005bf8      0x1a3 CMakeFiles/kernel.dir/Users/attilio/.pico-sdk/sdk/1.5.1/src/common/pico_sync/lock_core.c.obj
 .debug_info    0x00005d9b     0x1d29 CMakeFiles/kernel.dir/Users/attilio/.pico-sdk/sdk/1.5.1/src/common/pico_sync/mutex.c.obj
 .debug_info    0x00007ac4     0x33f9 CMakeFiles/kernel.dir/Users/attilio/.pico-sdk/sdk/1.5.1/src/common/pico_time/time.c.obj
 .debug_info    0x0000aebd     0x145b CMakeFiles/kernel.dir/Users/attilio/.pico-sdk/sdk/1.5.1/src/rp2_common/hardware_timer/timer.c.obj
 .debug_info    0x0000c318      0xe82 CMakeFiles/kernel.dir/Users/attilio/.pico-sdk/sdk/1.5.1/src/common/pico_util/pheap.c.obj
 .debug_info    0x0000d19a      0xd98 CMakeFiles/kernel.dir/Users/attilio/.pico-sdk/sdk/1.5.1/src/rp2_common/hardware_uart/uart.c.obj
 .debug_info    0x0000df32      0xfe7 CMakeFiles/kernel.dir/Users/attilio/.pico-sdk/sdk/1.5.1/src/rp2_common/hardware_clocks/clocks.c.obj